#
# A fatal error has been detected by the Java Runtime Environment:
#
#  EXCEPTION_ACCESS_VIOLATION (0xc0000005) at pc=0x00007ffd1d0c6a0c, pid=9224, tid=28640
#
# JRE version: OpenJDK Runtime Environment (23.0.2+7) (build 23.0.2+7-58)
# Java VM: OpenJDK 64-Bit Server VM (23.0.2+7-58, mixed mode, sharing, tiered, compressed oops, compressed class ptrs, g1 gc, windows-amd64)
# Problematic frame:
# C  [jdwp.dll+0x26a0c]
#
# No core dump will be written. Minidumps are not enabled by default on client versions of Windows
#
# If you would like to submit a bug report, please visit:
#   https://bugreport.java.com/bugreport/crash.jsp
# The crash happened outside the Java Virtual Machine in native code.
# See problematic frame for where to report the bug.
#

---------------  S U M M A R Y ------------

Command Line: -agentlib:jdwp=transport=dt_socket,address=127.0.0.1:57288,suspend=y,server=n -javaagent:C:\Users\Rasheed\AppData\Local\JetBrains\IdeaIC2024.3\captureAgent\debugger-agent.jar -Dkotlinx.coroutines.debug.enable.creation.stack.trace=false -Ddebugger.agent.enable.coroutines=true -Dkotlinx.coroutines.debug.enable.flows.stack.trace=true -Dkotlinx.coroutines.debug.enable.mutable.state.flows.stack.trace=true -Dfile.encoding=UTF-8 -Dsun.stdout.encoding=UTF-8 -Dsun.stderr.encoding=UTF-8 ShadowDonkeyKong

Host: 11th Gen Intel(R) Core(TM) i7-1165G7 @ 2.80GHz, 8 cores, 15G,  Windows 11 , 64 bit Build 26100 (10.0.26100.3323)
Time: Fri Apr 11 19:49:01 2025 AUS Eastern Standard Time elapsed time: 0.824988 seconds (0d 0h 0m 0s)

---------------  T H R E A D  ---------------

Current thread (0x000001ed351df790):  JavaThread "main"             [_thread_in_native, id=28640, stack(0x0000005b4a700000,0x0000005b4a800000) (1024K)]

Stack: [0x0000005b4a700000,0x0000005b4a800000],  sp=0x0000005b4a7fe658,  free space=1017k
Native frames: (J=compiled Java code, j=interpreted, Vv=VM code, C=native code)
C  [jdwp.dll+0x26a0c]  (no source info available)
C  [jdwp.dll+0x161f3]  (no source info available)
C  [jdwp.dll+0x12873]  (no source info available)
V  [jvm.dll+0x599337]  (no source info available)
V  [jvm.dll+0x3c12a6]  (no source info available)
V  [jvm.dll+0x3bfef7]  (no source info available)
V  [jvm.dll+0x3bfe98]  (no source info available)
V  [jvm.dll+0x5e459b]  (no source info available)
V  [jvm.dll+0x5e4653]  (no source info available)
V  [jvm.dll+0x3d592a]  (no source info available)
V  [jvm.dll+0x3d53b0]  (no source info available)
C  0x000001ed44e601b1  (no source info available)

The last pc belongs to getstatic (printed below).
Java frames: (J=compiled Java code, j=interpreted, Vv=VM code)
j  org.lwjgl.glfw.GLFW.glfwInit()Z+0
j  bagel.AbstractGame.<clinit>()V+19
v  ~StubRoutines::call_stub 0x000001ed44e40fcd

siginfo: EXCEPTION_ACCESS_VIOLATION (0xc0000005), reading address 0xffffffffffffffff


Registers:
RAX=0x000001ed9a30ba60, RBX=0x000001ed543363a0, RCX=0x000001ed351dfb50, RDX=0x000001ed543363a0
RSP=0x0000005b4a7fe658, RBP=0x0000000000000002, RSI=0x0000005b4a7fe700, RDI=0x000001ed351dfb50
R8 =0x0000000000010002, R9 =0x0000000000000000, R10=0x00007ffd2d390000, R11=0x0000005b4a7fe628
R12=0x0000000000000007, R13=0x000001ed543363a0, R14=0x00007ffd1d0d0400, R15=0x0000000000000000
RIP=0x00007ffd1d0c6a0c, EFLAGS=0x0000000000010206


Register to memory mapping:

RAX=0x000001ed9a30ba60 points into unknown readable memory: 0x0000000000000000 | 00 00 00 00 00 00 00 00
RBX=0x000001ed543363a0 points into unknown readable memory: 0x0000000713e0a4d8 | d8 a4 e0 13 07 00 00 00
RCX=0x000001ed351dfb50 points into unknown readable memory: 0x000001ed9a30ba60 | 60 ba 30 9a ed 01 00 00
RDX=0x000001ed543363a0 points into unknown readable memory: 0x0000000713e0a4d8 | d8 a4 e0 13 07 00 00 00
RSP=0x0000005b4a7fe658 is pointing into the stack for thread: 0x000001ed351df790
RBP=0x0000000000000002 is an unknown value
RSI=0x0000005b4a7fe700 is pointing into the stack for thread: 0x000001ed351df790
RDI=0x000001ed351dfb50 points into unknown readable memory: 0x000001ed9a30ba60 | 60 ba 30 9a ed 01 00 00
R8 =0x0000000000010002 is an unknown value
R9 =0x0 is null
R10=0x00007ffd2d390000 VCRUNTIME140.dll
R11=0x0000005b4a7fe628 is pointing into the stack for thread: 0x000001ed351df790
R12=0x0000000000000007 is an unknown value
R13=0x000001ed543363a0 points into unknown readable memory: 0x0000000713e0a4d8 | d8 a4 e0 13 07 00 00 00
R14=0x00007ffd1d0d0400 jdwp.dll
R15=0x0 is null

Top of Stack: (sp=0x0000005b4a7fe658)
0x0000005b4a7fe658:   00007ffd1d0b61f3 000001ed543363a0
0x0000005b4a7fe668:   0000005b4a7fe700 0000000000000000
0x0000005b4a7fe678:   0000000000000000 000001ed32e9e6d0
0x0000005b4a7fe688:   0000000000000020 000001ed32ea4340
0x0000005b4a7fe698:   00007ffd1d0d0428 000001ed351dfd68
0x0000005b4a7fe6a8:   00007ffd1d0b2873 000001ed543363a0
0x0000005b4a7fe6b8:   0000000000000002 000001ed351dfb50
0x0000005b4a7fe6c8:   000001ed543363a8 000001ed546e9220
0x0000005b4a7fe6d8:   00007ffc9b4e14d9 000001ed54775a28
0x0000005b4a7fe6e8:   000001ed546e9220 0000000000000000
0x0000005b4a7fe6f8:   0000000bffffffff 0000000000000007
0x0000005b4a7fe708:   000001ed543363a0 0000000000000000
0x0000005b4a7fe718:   000001ed543363a8 0000000000000000
0x0000005b4a7fe728:   0000000000000000 0000000000000000
0x0000005b4a7fe738:   0000000000000000 0000000000000000
0x0000005b4a7fe748:   0000000000000000 0000000000000000
0x0000005b4a7fe758:   000001ed351dfd68 000001ed5600ef00
0x0000005b4a7fe768:   00007ffc9b7e9337 000001ed543363a8
0x0000005b4a7fe778:   000001ed5485ef70 000001ed351df790
0x0000005b4a7fe788:   00000000000003d8 0000000000000000
0x0000005b4a7fe798:   000001ed351d9c00 0000005b4a7fe910
0x0000005b4a7fe7a8:   0000000000000005 000001ed351df790
0x0000005b4a7fe7b8:   00007ffc9b4df4b2 000099c5212a1897
0x0000005b4a7fe7c8:   000001ed55665fa0 000001ed32ef04c0
0x0000005b4a7fe7d8:   000001ed351dfe00 000001ed351dfe10
0x0000005b4a7fe7e8:   000001ed351e01e8 00000000000003d8
0x0000005b4a7fe7f8:   000001ed351df790 000001ed351df790
0x0000005b4a7fe808:   000001ed32ef02c0 000001ed32f7e880
0x0000005b4a7fe818:   000001ed32f7e8a8 000001ed32f7e968
0x0000005b4a7fe828:   00000000000000d8 0000005b4a7fe840
0x0000005b4a7fe838:   00007ffc9b8fe3d3 000001ed351df790
0x0000005b4a7fe848:   000001ed32ef02c0 000001ed32f7e880 

Instructions: (pc=0x00007ffd1d0c6a0c)
0x00007ffd1d0c690c:   05 df 07 01 00 48 8b 03 48 8b d7 4d 8b 40 30 48
0x00007ffd1d0c691c:   8b cb 48 8b 5c 24 30 48 83 c4 20 5f 48 ff a0 00
0x00007ffd1d0c692c:   01 00 00 cc 48 89 5c 24 08 57 48 83 ec 20 48 8b
0x00007ffd1d0c693c:   f9 e8 f2 ea ff ff 4c 8b 05 a7 07 01 00 48 8b d8
0x00007ffd1d0c694c:   41 f6 80 10 02 00 00 02 74 33 41 b8 0f 06 00 00
0x00007ffd1d0c695c:   48 8d 15 15 c3 00 00 48 8d 0d 5a 5a 00 00 e8 19
0x00007ffd1d0c696c:   48 ff ff 48 8d 15 62 99 00 00 48 8d 0d 5b 5a 00
0x00007ffd1d0c697c:   00 e8 ae 48 ff ff 4c 8b 05 67 07 01 00 48 8b 03
0x00007ffd1d0c698c:   48 8b d7 4d 8b 40 38 48 8b cb 48 8b 5c 24 30 48
0x00007ffd1d0c699c:   83 c4 20 5f 48 ff a0 00 01 00 00 cc 48 89 5c 24
0x00007ffd1d0c69ac:   08 57 48 83 ec 20 48 8b f9 e8 7a ea ff ff 48 8b
0x00007ffd1d0c69bc:   15 2f 07 01 00 48 8b d8 f6 82 10 02 00 00 02 74
0x00007ffd1d0c69cc:   2c 41 b8 01 06 00 00 48 8d 15 9e c2 00 00 48 8d
0x00007ffd1d0c69dc:   0d e3 59 00 00 e8 a2 47 ff ff 48 8d 15 33 6a 00
0x00007ffd1d0c69ec:   00 48 8d 0d e4 59 00 00 e8 37 48 ff ff 48 8b 03
0x00007ffd1d0c69fc:   48 8b d7 48 8b cb 48 8b 5c 24 30 48 83 c4 20 5f
0x00007ffd1d0c6a0c:   48 ff a0 50 07 00 00 cc 48 89 5c 24 08 48 89 74
0x00007ffd1d0c6a1c:   24 10 48 89 7c 24 18 41 56 48 83 ec 20 4c 63 f2
0x00007ffd1d0c6a2c:   49 8b d8 48 8b d1 41 8b f9 48 8b cb 4d 8d 46 ff
0x00007ffd1d0c6a3c:   ff 15 2e 58 00 00 85 c0 75 3c 41 0f be 44 1e ff
0x00007ffd1d0c6a4c:   3b c7 75 32 49 03 de eb 10 0f be c8 ff 15 02 58
0x00007ffd1d0c6a5c:   00 00 85 c0 74 09 48 ff c3 8a 03 84 c0 75 ea 80
0x00007ffd1d0c6a6c:   3b 3b 74 12 8b d7 48 8b cb e8 38 4b 00 00 48 85
0x00007ffd1d0c6a7c:   c0 0f 94 c0 eb 02 32 c0 48 8b 5c 24 30 48 8b 74
0x00007ffd1d0c6a8c:   24 38 48 8b 7c 24 40 48 83 c4 20 41 5e c3 cc cc
0x00007ffd1d0c6a9c:   0f b6 d1 83 fa 1e 0f 87 83 00 00 00 74 7b 83 fa
0x00007ffd1d0c6aac:   07 77 41 74 39 83 ea 01 74 2e 83 ea 01 74 23 83
0x00007ffd1d0c6abc:   ea 01 74 18 83 ea 01 74 0d 83 fa 02 0f 85 8a 00
0x00007ffd1d0c6acc:   00 00 8d 42 03 c3 b8 04 00 00 00 c3 b8 03 00 00
0x00007ffd1d0c6adc:   00 c3 b8 02 00 00 00 c3 b8 01 00 00 00 c3 b8 06
0x00007ffd1d0c6aec:   00 00 00 c3 b8 08 00 00 00 2b d0 74 26 83 ea 01
0x00007ffd1d0c6afc:   0f 84 88 00 00 00 83 ea 01 74 12 b8 0a 00 00 00 


Stack slot to memory mapping:

stack at sp + 0 slots: 0x00007ffd1d0b61f3 jdwp.dll
stack at sp + 1 slots: 0x000001ed543363a0 points into unknown readable memory: 0x0000000713e0a4d8 | d8 a4 e0 13 07 00 00 00
stack at sp + 2 slots: 0x0000005b4a7fe700 is pointing into the stack for thread: 0x000001ed351df790
stack at sp + 3 slots: 0x0 is null
stack at sp + 4 slots: 0x0 is null
stack at sp + 5 slots: 0x000001ed32e9e6d0 points into unknown readable memory: 0x000001ed32ea42d0 | d0 42 ea 32 ed 01 00 00
stack at sp + 6 slots: 0x0000000000000020 is an unknown value
stack at sp + 7 slots: 0x000001ed32ea4340 points into unknown readable memory: 0x8000001200000001 | 01 00 00 00 12 00 00 80

Lock stack of current Java thread (top to bottom):
LockStack[0]: [I 
{0x000000071398ce18} - klass: {type array int}
 - length: 0

getstatic  178 getstatic  [0x000001ed44e60100, 0x000001ed44e60558]  1112 bytes
[MachCode]
  0x000001ed44e60100: 4883 ec08 | c5fa 1104 | 24eb 1f48 | 83ec 10c5 | fb11 0424 | eb14 4883 | ec10 4889 | 0424 48c7 
  0x000001ed44e60120: 4424 0800 | 0000 00eb | 0150 488b | 4dd0 410f | b755 0148 | 8b49 286b | d218 488d | 4c11 080f 
  0x000001ed44e60140: b659 1281 | fbb2 0000 | 000f 8474 | 0100 00bb | b200 0000 | e805 0000 | 00e9 5001 | 0000 488b 
  0x000001ed44e60160: d348 8d44 | 2408 4c89 | 6dc0 498b | cfc5 f877 | 4989 afb0 | 0300 0049 | 8987 a003 | 0000 4883 
  0x000001ed44e60180: ec20 40f6 | c40f 0f84 | 1900 0000 | 4883 ec08 | 48b8 5053 | 629b fc7f | 0000 ffd0 | 4883 c408 
  0x000001ed44e601a0: e90c 0000 | 0048 b850 | 5362 9bfc | 7f00 00ff | d048 83c4 | 2049 c787 | a003 0000 | 0000 0000 
  0x000001ed44e601c0: 49c7 87b0 | 0300 0000 | 0000 0049 | c787 a803 | 0000 0000 | 0000 c5f8 | 7741 8b8f | 2c05 0000 
  0x000001ed44e601e0: f6c1 010f | 8442 0000 | 00f6 c102 | 0f85 3900 | 0000 4883 | ec20 40f6 | c40f 0f84 | 1900 0000 
  0x000001ed44e60200: 4883 ec08 | 48b8 00fe | 619b fc7f | 0000 ffd0 | 4883 c408 | e90c 0000 | 0048 b800 | fe61 9bfc 
  0x000001ed44e60220: 7f00 00ff | d048 83c4 | 20ff e049 | 8b8f d805 | 0000 4885 | c90f 8455 | 0000 008b | 899c 0000 
  0x000001ed44e60240: 0083 f901 | 0f85 4600 | 0000 498b | 8fd8 0500 | 008b 89a0 | 0000 0048 | 83ec 2040 | f6c4 0f0f 
  0x000001ed44e60260: 8419 0000 | 0048 83ec | 0848 b8f0 | fd61 9bfc | 7f00 00ff | d048 83c4 | 08e9 0c00 | 0000 48b8 
  0x000001ed44e60280: f0fd 619b | fc7f 0000 | ffd0 4883 | c420 ffe0 | 4983 7f08 | 000f 8405 | 0000 00e9 | 200c feff 
  0x000001ed44e602a0: 4c8b 6dc0 | 4c8b 75c8 | 4e8d 74f5 | 00c3 488b | 4dd0 410f | b755 0148 | 8b49 286b | d218 488d 
  0x000001ed44e602c0: 4c11 0848 | b890 1eeb | 9bfc 7f00 | 008b 0085 | c00f 848a | 0100 0048 | 8b4d d041 | 0fb7 5501 
  0x000001ed44e602e0: 488b 4928 | 6bd2 1848 | 8d4c 1108 | 4833 c0e8 | 0500 0000 | e953 0100 | 004c 8bc1 | 488b d048 
  0x000001ed44e60300: 8d44 2408 | 4c89 6dc0 | 498b cfc5 | f877 4989 | afb0 0300 | 0049 8987 | a003 0000 | 4883 ec20 
  0x000001ed44e60320: 40f6 c40f | 0f84 1900 | 0000 4883 | ec08 48b8 | b048 629b | fc7f 0000 | ffd0 4883 | c408 e90c 
  0x000001ed44e60340: 0000 0048 | b8b0 4862 | 9bfc 7f00 | 00ff d048 | 83c4 2049 | c787 a003 | 0000 0000 | 0000 49c7 
  0x000001ed44e60360: 87b0 0300 | 0000 0000 | 0049 c787 | a803 0000 | 0000 0000 | c5f8 7741 | 8b8f 2c05 | 0000 f6c1 
  0x000001ed44e60380: 010f 8442 | 0000 00f6 | c102 0f85 | 3900 0000 | 4883 ec20 | 40f6 c40f | 0f84 1900 | 0000 4883 
  0x000001ed44e603a0: ec08 48b8 | 00fe 619b | fc7f 0000 | ffd0 4883 | c408 e90c | 0000 0048 | b800 fe61 | 9bfc 7f00 
  0x000001ed44e603c0: 00ff d048 | 83c4 20ff | e049 8b8f | d805 0000 | 4885 c90f | 8455 0000 | 008b 899c | 0000 0083 
  0x000001ed44e603e0: f901 0f85 | 4600 0000 | 498b 8fd8 | 0500 008b | 89a0 0000 | 0048 83ec | 2040 f6c4 | 0f0f 8419 
  0x000001ed44e60400: 0000 0048 | 83ec 0848 | b8f0 fd61 | 9bfc 7f00 | 00ff d048 | 83c4 08e9 | 0c00 0000 | 48b8 f0fd 
  0x000001ed44e60420: 619b fc7f | 0000 ffd0 | 4883 c420 | ffe0 4983 | 7f08 000f | 8405 0000 | 00e9 820a | feff 4c8b 
  0x000001ed44e60440: 6dc0 4c8b | 75c8 4e8d | 74f5 00c3 | 488b 4dd0 | 410f b755 | 0148 8b49 | 286b d218 | 488d 4c11 
  0x000001ed44e60460: 088b 5908 | 0fb6 5111 | 0fb6 4110 | 4c8b 094d | 8b49 704d | 8b09 85c0 | 0f85 0b00 | 0000 410f 
  0x000001ed44e60480: be04 1950 | e9b5 0000 | 0083 f801 | 0f85 0b00 | 0000 410f | b604 1950 | e9a1 0000 | 0083 f808 
  0x000001ed44e604a0: 0f85 0e00 | 0000 418b | 0419 48c1 | e003 50e9 | 8a00 0000 | 83f8 040f | 850a 0000 | 0041 8b04 
  0x000001ed44e604c0: 1950 e977 | 0000 0083 | f802 0f85 | 0b00 0000 | 410f b704 | 1950 e963 | 0000 0083 | f803 0f85 
  0x000001ed44e604e0: 0b00 0000 | 410f bf04 | 1950 e94f | 0000 0083 | f805 0f85 | 1a00 0000 | 498b 0419 | 4883 ec10 
  0x000001ed44e60500: 4889 0424 | 48c7 4424 | 0800 0000 | 00e9 2c00 | 0000 83f8 | 060f 8514 | 0000 00c4 | c17a 1004 
  0x000001ed44e60520: 1948 83ec | 08c5 fa11 | 0424 e90f | 0000 00c4 | c17b 1004 | 1948 83ec | 10c5 fb11 | 0424 410f 
  0x000001ed44e60540: b65d 0349 | 83c5 0349 | bad0 8ded | 9bfc 7f00 | 0041 ff24 | da66 6690 
[/MachCode]

---------------  P R O C E S S  ---------------

Threads class SMR info:
_java_thread_list=0x000001ed548937a0, length=14, elements={
0x000001ed351df790, 0x000001ed5434e270, 0x000001ed5434fa40, 0x000001ed543538f0,
0x000001ed54354480, 0x000001ed54356db0, 0x000001ed54698090, 0x000001ed5435d7f0,
0x000001ed5469f0a0, 0x000001ed5478ffb0, 0x000001ed548b3890, 0x000001ed549a7830,
0x000001ed549a7ec0, 0x000001ed54790cd0
}

Java Threads: ( => current thread )
=>0x000001ed351df790 JavaThread "main"                              [_thread_in_native, id=28640, stack(0x0000005b4a700000,0x0000005b4a800000) (1024K)]
  0x000001ed5434e270 JavaThread "Reference Handler"          daemon [_thread_blocked, id=7804, stack(0x0000005b4af00000,0x0000005b4b000000) (1024K)]
  0x000001ed5434fa40 JavaThread "Finalizer"                  daemon [_thread_blocked, id=15728, stack(0x0000005b4b000000,0x0000005b4b100000) (1024K)]
  0x000001ed543538f0 JavaThread "Signal Dispatcher"          daemon [_thread_blocked, id=14808, stack(0x0000005b4b100000,0x0000005b4b200000) (1024K)]
  0x000001ed54354480 JavaThread "Attach Listener"            daemon [_thread_blocked, id=6040, stack(0x0000005b4b200000,0x0000005b4b300000) (1024K)]
  0x000001ed54356db0 JavaThread "Service Thread"             daemon [_thread_blocked, id=11064, stack(0x0000005b4b300000,0x0000005b4b400000) (1024K)]
  0x000001ed54698090 JavaThread "Monitor Deflation Thread"   daemon [_thread_blocked, id=25836, stack(0x0000005b4b400000,0x0000005b4b500000) (1024K)]
  0x000001ed5435d7f0 JavaThread "C2 CompilerThread0"         daemon [_thread_blocked, id=26048, stack(0x0000005b4b500000,0x0000005b4b600000) (1024K)]
  0x000001ed5469f0a0 JavaThread "C1 CompilerThread0"         daemon [_thread_blocked, id=26324, stack(0x0000005b4b600000,0x0000005b4b700000) (1024K)]
  0x000001ed5478ffb0 JavaThread "Common-Cleaner"             daemon [_thread_blocked, id=13880, stack(0x0000005b4b700000,0x0000005b4b800000) (1024K)]
  0x000001ed548b3890 JavaThread "JDWP Transport Listener: dt_socket" daemon [_thread_blocked, id=25736, stack(0x0000005b4b800000,0x0000005b4b900000) (1024K)]
  0x000001ed549a7830 JavaThread "JDWP Event Helper Thread"   daemon [_thread_blocked, id=27316, stack(0x0000005b4b900000,0x0000005b4ba00000) (1024K)]
  0x000001ed549a7ec0 JavaThread "JDWP Command Reader"        daemon [_thread_in_native, id=20868, stack(0x0000005b4ba00000,0x0000005b4bb00000) (1024K)]
  0x000001ed54790cd0 JavaThread "Notification Thread"        daemon [_thread_blocked, id=23264, stack(0x0000005b4bb00000,0x0000005b4bc00000) (1024K)]
Total: 14

Other Threads:
  0x000001ed543327b0 VMThread "VM Thread"                           [id=9336, stack(0x0000005b4ae00000,0x0000005b4af00000) (1024K)]
  0x000001ed54320930 WatcherThread "VM Periodic Task Thread"        [id=14496, stack(0x0000005b4ad00000,0x0000005b4ae00000) (1024K)]
  0x000001ed35247440 WorkerThread "GC Thread#0"                     [id=13316, stack(0x0000005b4a800000,0x0000005b4a900000) (1024K)]
  0x000001ed3525bfb0 ConcurrentGCThread "G1 Main Marker"            [id=5368, stack(0x0000005b4a900000,0x0000005b4aa00000) (1024K)]
  0x000001ed3525e690 WorkerThread "G1 Conc#0"                       [id=10888, stack(0x0000005b4aa00000,0x0000005b4ab00000) (1024K)]
  0x000001ed541f1020 ConcurrentGCThread "G1 Refine#0"               [id=11332, stack(0x0000005b4ab00000,0x0000005b4ac00000) (1024K)]
  0x000001ed541f1560 ConcurrentGCThread "G1 Service"                [id=28580, stack(0x0000005b4ac00000,0x0000005b4ad00000) (1024K)]
Total: 7

Threads with active compile tasks:
Total: 0

VM state: not at safepoint (normal execution)

VM Mutex/Monitor currently owned by a thread: None

Heap address: 0x0000000704400000, size: 4028 MB, Compressed Oops mode: Zero based, Oop shift amount: 3

CDS archive(s) mapped at: [0x000001ed55000000-0x000001ed55d70000-0x000001ed55d70000), size 14090240, SharedBaseAddress: 0x000001ed55000000, ArchiveRelocationMode: 1.
Compressed class space mapped at: 0x000001ed56000000-0x000001ed96000000, reserved size: 1073741824
Narrow klass base: 0x000001ed55000000, Narrow klass shift: 0, Narrow klass range: 0x41000000

GC Precious Log:
 CardTable entry size: 512
 Card Set container configuration: InlinePtr #cards 4 size 8 Array Of Cards #cards 16 size 48 Howl #buckets 8 coarsen threshold 3686 Howl Bitmap #cards 512 size 80 coarsen threshold 460 Card regions per heap region 1 cards per card region 4096
 CPUs: 8 total, 8 available
 Memory: 16110M
 Large Page Support: Disabled
 NUMA Support: Disabled
 Compressed Oops: Enabled (Zero based)
 Heap Region Size: 2M
 Heap Min Capacity: 8M
 Heap Initial Capacity: 252M
 Heap Max Capacity: 4028M
 Pre-touch: Disabled
 Parallel Workers: 8
 Concurrent Workers: 2
 Concurrent Refinement Workers: 8
 Periodic GC: Disabled

Heap:
 garbage-first heap   total reserved 4124672K, committed 258048K, used 6144K [0x0000000704400000, 0x0000000800000000)
  region size 2048K, 4 young (8192K), 0 survivors (0K)
 Metaspace       used 4066K, committed 4288K, reserved 1114112K
  class space    used 348K, committed 448K, reserved 1048576K

Heap Regions: E=young(eden), S=young(survivor), O=old, HS=humongous(starts), HC=humongous(continues), CS=collection set, F=free, TAMS=top-at-mark-start, PB=parsable bottom
|   0|0x0000000704400000, 0x0000000704400000, 0x0000000704600000|  0%| F|  |TAMS 0x0000000704400000| PB 0x0000000704400000| Untracked |  0
|   1|0x0000000704600000, 0x0000000704600000, 0x0000000704800000|  0%| F|  |TAMS 0x0000000704600000| PB 0x0000000704600000| Untracked |  0
|   2|0x0000000704800000, 0x0000000704800000, 0x0000000704a00000|  0%| F|  |TAMS 0x0000000704800000| PB 0x0000000704800000| Untracked |  0
|   3|0x0000000704a00000, 0x0000000704a00000, 0x0000000704c00000|  0%| F|  |TAMS 0x0000000704a00000| PB 0x0000000704a00000| Untracked |  0
|   4|0x0000000704c00000, 0x0000000704c00000, 0x0000000704e00000|  0%| F|  |TAMS 0x0000000704c00000| PB 0x0000000704c00000| Untracked |  0
|   5|0x0000000704e00000, 0x0000000704e00000, 0x0000000705000000|  0%| F|  |TAMS 0x0000000704e00000| PB 0x0000000704e00000| Untracked |  0
|   6|0x0000000705000000, 0x0000000705000000, 0x0000000705200000|  0%| F|  |TAMS 0x0000000705000000| PB 0x0000000705000000| Untracked |  0
|   7|0x0000000705200000, 0x0000000705200000, 0x0000000705400000|  0%| F|  |TAMS 0x0000000705200000| PB 0x0000000705200000| Untracked |  0
|   8|0x0000000705400000, 0x0000000705400000, 0x0000000705600000|  0%| F|  |TAMS 0x0000000705400000| PB 0x0000000705400000| Untracked |  0
|   9|0x0000000705600000, 0x0000000705600000, 0x0000000705800000|  0%| F|  |TAMS 0x0000000705600000| PB 0x0000000705600000| Untracked |  0
|  10|0x0000000705800000, 0x0000000705800000, 0x0000000705a00000|  0%| F|  |TAMS 0x0000000705800000| PB 0x0000000705800000| Untracked |  0
|  11|0x0000000705a00000, 0x0000000705a00000, 0x0000000705c00000|  0%| F|  |TAMS 0x0000000705a00000| PB 0x0000000705a00000| Untracked |  0
|  12|0x0000000705c00000, 0x0000000705c00000, 0x0000000705e00000|  0%| F|  |TAMS 0x0000000705c00000| PB 0x0000000705c00000| Untracked |  0
|  13|0x0000000705e00000, 0x0000000705e00000, 0x0000000706000000|  0%| F|  |TAMS 0x0000000705e00000| PB 0x0000000705e00000| Untracked |  0
|  14|0x0000000706000000, 0x0000000706000000, 0x0000000706200000|  0%| F|  |TAMS 0x0000000706000000| PB 0x0000000706000000| Untracked |  0
|  15|0x0000000706200000, 0x0000000706200000, 0x0000000706400000|  0%| F|  |TAMS 0x0000000706200000| PB 0x0000000706200000| Untracked |  0
|  16|0x0000000706400000, 0x0000000706400000, 0x0000000706600000|  0%| F|  |TAMS 0x0000000706400000| PB 0x0000000706400000| Untracked |  0
|  17|0x0000000706600000, 0x0000000706600000, 0x0000000706800000|  0%| F|  |TAMS 0x0000000706600000| PB 0x0000000706600000| Untracked |  0
|  18|0x0000000706800000, 0x0000000706800000, 0x0000000706a00000|  0%| F|  |TAMS 0x0000000706800000| PB 0x0000000706800000| Untracked |  0
|  19|0x0000000706a00000, 0x0000000706a00000, 0x0000000706c00000|  0%| F|  |TAMS 0x0000000706a00000| PB 0x0000000706a00000| Untracked |  0
|  20|0x0000000706c00000, 0x0000000706c00000, 0x0000000706e00000|  0%| F|  |TAMS 0x0000000706c00000| PB 0x0000000706c00000| Untracked |  0
|  21|0x0000000706e00000, 0x0000000706e00000, 0x0000000707000000|  0%| F|  |TAMS 0x0000000706e00000| PB 0x0000000706e00000| Untracked |  0
|  22|0x0000000707000000, 0x0000000707000000, 0x0000000707200000|  0%| F|  |TAMS 0x0000000707000000| PB 0x0000000707000000| Untracked |  0
|  23|0x0000000707200000, 0x0000000707200000, 0x0000000707400000|  0%| F|  |TAMS 0x0000000707200000| PB 0x0000000707200000| Untracked |  0
|  24|0x0000000707400000, 0x0000000707400000, 0x0000000707600000|  0%| F|  |TAMS 0x0000000707400000| PB 0x0000000707400000| Untracked |  0
|  25|0x0000000707600000, 0x0000000707600000, 0x0000000707800000|  0%| F|  |TAMS 0x0000000707600000| PB 0x0000000707600000| Untracked |  0
|  26|0x0000000707800000, 0x0000000707800000, 0x0000000707a00000|  0%| F|  |TAMS 0x0000000707800000| PB 0x0000000707800000| Untracked |  0
|  27|0x0000000707a00000, 0x0000000707a00000, 0x0000000707c00000|  0%| F|  |TAMS 0x0000000707a00000| PB 0x0000000707a00000| Untracked |  0
|  28|0x0000000707c00000, 0x0000000707c00000, 0x0000000707e00000|  0%| F|  |TAMS 0x0000000707c00000| PB 0x0000000707c00000| Untracked |  0
|  29|0x0000000707e00000, 0x0000000707e00000, 0x0000000708000000|  0%| F|  |TAMS 0x0000000707e00000| PB 0x0000000707e00000| Untracked |  0
|  30|0x0000000708000000, 0x0000000708000000, 0x0000000708200000|  0%| F|  |TAMS 0x0000000708000000| PB 0x0000000708000000| Untracked |  0
|  31|0x0000000708200000, 0x0000000708200000, 0x0000000708400000|  0%| F|  |TAMS 0x0000000708200000| PB 0x0000000708200000| Untracked |  0
|  32|0x0000000708400000, 0x0000000708400000, 0x0000000708600000|  0%| F|  |TAMS 0x0000000708400000| PB 0x0000000708400000| Untracked |  0
|  33|0x0000000708600000, 0x0000000708600000, 0x0000000708800000|  0%| F|  |TAMS 0x0000000708600000| PB 0x0000000708600000| Untracked |  0
|  34|0x0000000708800000, 0x0000000708800000, 0x0000000708a00000|  0%| F|  |TAMS 0x0000000708800000| PB 0x0000000708800000| Untracked |  0
|  35|0x0000000708a00000, 0x0000000708a00000, 0x0000000708c00000|  0%| F|  |TAMS 0x0000000708a00000| PB 0x0000000708a00000| Untracked |  0
|  36|0x0000000708c00000, 0x0000000708c00000, 0x0000000708e00000|  0%| F|  |TAMS 0x0000000708c00000| PB 0x0000000708c00000| Untracked |  0
|  37|0x0000000708e00000, 0x0000000708e00000, 0x0000000709000000|  0%| F|  |TAMS 0x0000000708e00000| PB 0x0000000708e00000| Untracked |  0
|  38|0x0000000709000000, 0x0000000709000000, 0x0000000709200000|  0%| F|  |TAMS 0x0000000709000000| PB 0x0000000709000000| Untracked |  0
|  39|0x0000000709200000, 0x0000000709200000, 0x0000000709400000|  0%| F|  |TAMS 0x0000000709200000| PB 0x0000000709200000| Untracked |  0
|  40|0x0000000709400000, 0x0000000709400000, 0x0000000709600000|  0%| F|  |TAMS 0x0000000709400000| PB 0x0000000709400000| Untracked |  0
|  41|0x0000000709600000, 0x0000000709600000, 0x0000000709800000|  0%| F|  |TAMS 0x0000000709600000| PB 0x0000000709600000| Untracked |  0
|  42|0x0000000709800000, 0x0000000709800000, 0x0000000709a00000|  0%| F|  |TAMS 0x0000000709800000| PB 0x0000000709800000| Untracked |  0
|  43|0x0000000709a00000, 0x0000000709a00000, 0x0000000709c00000|  0%| F|  |TAMS 0x0000000709a00000| PB 0x0000000709a00000| Untracked |  0
|  44|0x0000000709c00000, 0x0000000709c00000, 0x0000000709e00000|  0%| F|  |TAMS 0x0000000709c00000| PB 0x0000000709c00000| Untracked |  0
|  45|0x0000000709e00000, 0x0000000709e00000, 0x000000070a000000|  0%| F|  |TAMS 0x0000000709e00000| PB 0x0000000709e00000| Untracked |  0
|  46|0x000000070a000000, 0x000000070a000000, 0x000000070a200000|  0%| F|  |TAMS 0x000000070a000000| PB 0x000000070a000000| Untracked |  0
|  47|0x000000070a200000, 0x000000070a200000, 0x000000070a400000|  0%| F|  |TAMS 0x000000070a200000| PB 0x000000070a200000| Untracked |  0
|  48|0x000000070a400000, 0x000000070a400000, 0x000000070a600000|  0%| F|  |TAMS 0x000000070a400000| PB 0x000000070a400000| Untracked |  0
|  49|0x000000070a600000, 0x000000070a600000, 0x000000070a800000|  0%| F|  |TAMS 0x000000070a600000| PB 0x000000070a600000| Untracked |  0
|  50|0x000000070a800000, 0x000000070a800000, 0x000000070aa00000|  0%| F|  |TAMS 0x000000070a800000| PB 0x000000070a800000| Untracked |  0
|  51|0x000000070aa00000, 0x000000070aa00000, 0x000000070ac00000|  0%| F|  |TAMS 0x000000070aa00000| PB 0x000000070aa00000| Untracked |  0
|  52|0x000000070ac00000, 0x000000070ac00000, 0x000000070ae00000|  0%| F|  |TAMS 0x000000070ac00000| PB 0x000000070ac00000| Untracked |  0
|  53|0x000000070ae00000, 0x000000070ae00000, 0x000000070b000000|  0%| F|  |TAMS 0x000000070ae00000| PB 0x000000070ae00000| Untracked |  0
|  54|0x000000070b000000, 0x000000070b000000, 0x000000070b200000|  0%| F|  |TAMS 0x000000070b000000| PB 0x000000070b000000| Untracked |  0
|  55|0x000000070b200000, 0x000000070b200000, 0x000000070b400000|  0%| F|  |TAMS 0x000000070b200000| PB 0x000000070b200000| Untracked |  0
|  56|0x000000070b400000, 0x000000070b400000, 0x000000070b600000|  0%| F|  |TAMS 0x000000070b400000| PB 0x000000070b400000| Untracked |  0
|  57|0x000000070b600000, 0x000000070b600000, 0x000000070b800000|  0%| F|  |TAMS 0x000000070b600000| PB 0x000000070b600000| Untracked |  0
|  58|0x000000070b800000, 0x000000070b800000, 0x000000070ba00000|  0%| F|  |TAMS 0x000000070b800000| PB 0x000000070b800000| Untracked |  0
|  59|0x000000070ba00000, 0x000000070ba00000, 0x000000070bc00000|  0%| F|  |TAMS 0x000000070ba00000| PB 0x000000070ba00000| Untracked |  0
|  60|0x000000070bc00000, 0x000000070bc00000, 0x000000070be00000|  0%| F|  |TAMS 0x000000070bc00000| PB 0x000000070bc00000| Untracked |  0
|  61|0x000000070be00000, 0x000000070be00000, 0x000000070c000000|  0%| F|  |TAMS 0x000000070be00000| PB 0x000000070be00000| Untracked |  0
|  62|0x000000070c000000, 0x000000070c000000, 0x000000070c200000|  0%| F|  |TAMS 0x000000070c000000| PB 0x000000070c000000| Untracked |  0
|  63|0x000000070c200000, 0x000000070c200000, 0x000000070c400000|  0%| F|  |TAMS 0x000000070c200000| PB 0x000000070c200000| Untracked |  0
|  64|0x000000070c400000, 0x000000070c400000, 0x000000070c600000|  0%| F|  |TAMS 0x000000070c400000| PB 0x000000070c400000| Untracked |  0
|  65|0x000000070c600000, 0x000000070c600000, 0x000000070c800000|  0%| F|  |TAMS 0x000000070c600000| PB 0x000000070c600000| Untracked |  0
|  66|0x000000070c800000, 0x000000070c800000, 0x000000070ca00000|  0%| F|  |TAMS 0x000000070c800000| PB 0x000000070c800000| Untracked |  0
|  67|0x000000070ca00000, 0x000000070ca00000, 0x000000070cc00000|  0%| F|  |TAMS 0x000000070ca00000| PB 0x000000070ca00000| Untracked |  0
|  68|0x000000070cc00000, 0x000000070cc00000, 0x000000070ce00000|  0%| F|  |TAMS 0x000000070cc00000| PB 0x000000070cc00000| Untracked |  0
|  69|0x000000070ce00000, 0x000000070ce00000, 0x000000070d000000|  0%| F|  |TAMS 0x000000070ce00000| PB 0x000000070ce00000| Untracked |  0
|  70|0x000000070d000000, 0x000000070d000000, 0x000000070d200000|  0%| F|  |TAMS 0x000000070d000000| PB 0x000000070d000000| Untracked |  0
|  71|0x000000070d200000, 0x000000070d200000, 0x000000070d400000|  0%| F|  |TAMS 0x000000070d200000| PB 0x000000070d200000| Untracked |  0
|  72|0x000000070d400000, 0x000000070d400000, 0x000000070d600000|  0%| F|  |TAMS 0x000000070d400000| PB 0x000000070d400000| Untracked |  0
|  73|0x000000070d600000, 0x000000070d600000, 0x000000070d800000|  0%| F|  |TAMS 0x000000070d600000| PB 0x000000070d600000| Untracked |  0
|  74|0x000000070d800000, 0x000000070d800000, 0x000000070da00000|  0%| F|  |TAMS 0x000000070d800000| PB 0x000000070d800000| Untracked |  0
|  75|0x000000070da00000, 0x000000070da00000, 0x000000070dc00000|  0%| F|  |TAMS 0x000000070da00000| PB 0x000000070da00000| Untracked |  0
|  76|0x000000070dc00000, 0x000000070dc00000, 0x000000070de00000|  0%| F|  |TAMS 0x000000070dc00000| PB 0x000000070dc00000| Untracked |  0
|  77|0x000000070de00000, 0x000000070de00000, 0x000000070e000000|  0%| F|  |TAMS 0x000000070de00000| PB 0x000000070de00000| Untracked |  0
|  78|0x000000070e000000, 0x000000070e000000, 0x000000070e200000|  0%| F|  |TAMS 0x000000070e000000| PB 0x000000070e000000| Untracked |  0
|  79|0x000000070e200000, 0x000000070e200000, 0x000000070e400000|  0%| F|  |TAMS 0x000000070e200000| PB 0x000000070e200000| Untracked |  0
|  80|0x000000070e400000, 0x000000070e400000, 0x000000070e600000|  0%| F|  |TAMS 0x000000070e400000| PB 0x000000070e400000| Untracked |  0
|  81|0x000000070e600000, 0x000000070e600000, 0x000000070e800000|  0%| F|  |TAMS 0x000000070e600000| PB 0x000000070e600000| Untracked |  0
|  82|0x000000070e800000, 0x000000070e800000, 0x000000070ea00000|  0%| F|  |TAMS 0x000000070e800000| PB 0x000000070e800000| Untracked |  0
|  83|0x000000070ea00000, 0x000000070ea00000, 0x000000070ec00000|  0%| F|  |TAMS 0x000000070ea00000| PB 0x000000070ea00000| Untracked |  0
|  84|0x000000070ec00000, 0x000000070ec00000, 0x000000070ee00000|  0%| F|  |TAMS 0x000000070ec00000| PB 0x000000070ec00000| Untracked |  0
|  85|0x000000070ee00000, 0x000000070ee00000, 0x000000070f000000|  0%| F|  |TAMS 0x000000070ee00000| PB 0x000000070ee00000| Untracked |  0
|  86|0x000000070f000000, 0x000000070f000000, 0x000000070f200000|  0%| F|  |TAMS 0x000000070f000000| PB 0x000000070f000000| Untracked |  0
|  87|0x000000070f200000, 0x000000070f200000, 0x000000070f400000|  0%| F|  |TAMS 0x000000070f200000| PB 0x000000070f200000| Untracked |  0
|  88|0x000000070f400000, 0x000000070f400000, 0x000000070f600000|  0%| F|  |TAMS 0x000000070f400000| PB 0x000000070f400000| Untracked |  0
|  89|0x000000070f600000, 0x000000070f600000, 0x000000070f800000|  0%| F|  |TAMS 0x000000070f600000| PB 0x000000070f600000| Untracked |  0
|  90|0x000000070f800000, 0x000000070f800000, 0x000000070fa00000|  0%| F|  |TAMS 0x000000070f800000| PB 0x000000070f800000| Untracked |  0
|  91|0x000000070fa00000, 0x000000070fa00000, 0x000000070fc00000|  0%| F|  |TAMS 0x000000070fa00000| PB 0x000000070fa00000| Untracked |  0
|  92|0x000000070fc00000, 0x000000070fc00000, 0x000000070fe00000|  0%| F|  |TAMS 0x000000070fc00000| PB 0x000000070fc00000| Untracked |  0
|  93|0x000000070fe00000, 0x000000070fe00000, 0x0000000710000000|  0%| F|  |TAMS 0x000000070fe00000| PB 0x000000070fe00000| Untracked |  0
|  94|0x0000000710000000, 0x0000000710000000, 0x0000000710200000|  0%| F|  |TAMS 0x0000000710000000| PB 0x0000000710000000| Untracked |  0
|  95|0x0000000710200000, 0x0000000710200000, 0x0000000710400000|  0%| F|  |TAMS 0x0000000710200000| PB 0x0000000710200000| Untracked |  0
|  96|0x0000000710400000, 0x0000000710400000, 0x0000000710600000|  0%| F|  |TAMS 0x0000000710400000| PB 0x0000000710400000| Untracked |  0
|  97|0x0000000710600000, 0x0000000710600000, 0x0000000710800000|  0%| F|  |TAMS 0x0000000710600000| PB 0x0000000710600000| Untracked |  0
|  98|0x0000000710800000, 0x0000000710800000, 0x0000000710a00000|  0%| F|  |TAMS 0x0000000710800000| PB 0x0000000710800000| Untracked |  0
|  99|0x0000000710a00000, 0x0000000710a00000, 0x0000000710c00000|  0%| F|  |TAMS 0x0000000710a00000| PB 0x0000000710a00000| Untracked |  0
| 100|0x0000000710c00000, 0x0000000710c00000, 0x0000000710e00000|  0%| F|  |TAMS 0x0000000710c00000| PB 0x0000000710c00000| Untracked |  0
| 101|0x0000000710e00000, 0x0000000710e00000, 0x0000000711000000|  0%| F|  |TAMS 0x0000000710e00000| PB 0x0000000710e00000| Untracked |  0
| 102|0x0000000711000000, 0x0000000711000000, 0x0000000711200000|  0%| F|  |TAMS 0x0000000711000000| PB 0x0000000711000000| Untracked |  0
| 103|0x0000000711200000, 0x0000000711200000, 0x0000000711400000|  0%| F|  |TAMS 0x0000000711200000| PB 0x0000000711200000| Untracked |  0
| 104|0x0000000711400000, 0x0000000711400000, 0x0000000711600000|  0%| F|  |TAMS 0x0000000711400000| PB 0x0000000711400000| Untracked |  0
| 105|0x0000000711600000, 0x0000000711600000, 0x0000000711800000|  0%| F|  |TAMS 0x0000000711600000| PB 0x0000000711600000| Untracked |  0
| 106|0x0000000711800000, 0x0000000711800000, 0x0000000711a00000|  0%| F|  |TAMS 0x0000000711800000| PB 0x0000000711800000| Untracked |  0
| 107|0x0000000711a00000, 0x0000000711a00000, 0x0000000711c00000|  0%| F|  |TAMS 0x0000000711a00000| PB 0x0000000711a00000| Untracked |  0
| 108|0x0000000711c00000, 0x0000000711c00000, 0x0000000711e00000|  0%| F|  |TAMS 0x0000000711c00000| PB 0x0000000711c00000| Untracked |  0
| 109|0x0000000711e00000, 0x0000000711e00000, 0x0000000712000000|  0%| F|  |TAMS 0x0000000711e00000| PB 0x0000000711e00000| Untracked |  0
| 110|0x0000000712000000, 0x0000000712000000, 0x0000000712200000|  0%| F|  |TAMS 0x0000000712000000| PB 0x0000000712000000| Untracked |  0
| 111|0x0000000712200000, 0x0000000712200000, 0x0000000712400000|  0%| F|  |TAMS 0x0000000712200000| PB 0x0000000712200000| Untracked |  0
| 112|0x0000000712400000, 0x0000000712400000, 0x0000000712600000|  0%| F|  |TAMS 0x0000000712400000| PB 0x0000000712400000| Untracked |  0
| 113|0x0000000712600000, 0x0000000712600000, 0x0000000712800000|  0%| F|  |TAMS 0x0000000712600000| PB 0x0000000712600000| Untracked |  0
| 114|0x0000000712800000, 0x0000000712800000, 0x0000000712a00000|  0%| F|  |TAMS 0x0000000712800000| PB 0x0000000712800000| Untracked |  0
| 115|0x0000000712a00000, 0x0000000712a00000, 0x0000000712c00000|  0%| F|  |TAMS 0x0000000712a00000| PB 0x0000000712a00000| Untracked |  0
| 116|0x0000000712c00000, 0x0000000712c00000, 0x0000000712e00000|  0%| F|  |TAMS 0x0000000712c00000| PB 0x0000000712c00000| Untracked |  0
| 117|0x0000000712e00000, 0x0000000712e00000, 0x0000000713000000|  0%| F|  |TAMS 0x0000000712e00000| PB 0x0000000712e00000| Untracked |  0
| 118|0x0000000713000000, 0x0000000713000000, 0x0000000713200000|  0%| F|  |TAMS 0x0000000713000000| PB 0x0000000713000000| Untracked |  0
| 119|0x0000000713200000, 0x0000000713200000, 0x0000000713400000|  0%| F|  |TAMS 0x0000000713200000| PB 0x0000000713200000| Untracked |  0
| 120|0x0000000713400000, 0x0000000713400000, 0x0000000713600000|  0%| F|  |TAMS 0x0000000713400000| PB 0x0000000713400000| Untracked |  0
| 121|0x0000000713600000, 0x0000000713600000, 0x0000000713800000|  0%| F|  |TAMS 0x0000000713600000| PB 0x0000000713600000| Untracked |  0
| 122|0x0000000713800000, 0x00000007139ffcd8, 0x0000000713a00000| 99%| E|  |TAMS 0x0000000713800000| PB 0x0000000713800000| Complete |  0
| 123|0x0000000713a00000, 0x0000000713c00000, 0x0000000713c00000|100%| E|CS|TAMS 0x0000000713a00000| PB 0x0000000713a00000| Complete |  0
| 124|0x0000000713c00000, 0x0000000713e00000, 0x0000000713e00000|100%| E|CS|TAMS 0x0000000713c00000| PB 0x0000000713c00000| Complete |  0
| 125|0x0000000713e00000, 0x0000000714000000, 0x0000000714000000|100%| E|CS|TAMS 0x0000000713e00000| PB 0x0000000713e00000| Complete |  0

Card table byte_map: [0x000001ed4d540000,0x000001ed4dd20000] _byte_map_base: 0x000001ed49d1e000

Marking Bits: (CMBitMap*) 0x000001ed35247a60
 Bits: [0x000001ed4dd20000, 0x000001ed51c10000)

Polling page: 0x000001ed32e70000

Metaspace:

Usage:
  Non-class:      3.63 MB used.
      Class:    348.51 KB used.
       Both:      3.97 MB used.

Virtual space:
  Non-class space:       64.00 MB reserved,       3.75 MB (  6%) committed,  1 nodes.
      Class space:        1.00 GB reserved,     448.00 KB ( <1%) committed,  1 nodes.
             Both:        1.06 GB reserved,       4.19 MB ( <1%) committed. 

Chunk freelists:
   Non-Class:  11.47 MB
       Class:  15.55 MB
        Both:  27.02 MB

MaxMetaspaceSize: unlimited
CompressedClassSpaceSize: 1.00 GB
Initial GC threshold: 21.00 MB
Current GC threshold: 21.00 MB
CDS: on
 - commit_granule_bytes: 65536.
 - commit_granule_words: 8192.
 - virtual_space_node_default_size: 8388608.
 - enlarge_chunks_in_place: 1.
 - use_allocation_guard: 0.


Internal statistics:

num_allocs_failed_limit: 0.
num_arena_births: 72.
num_arena_deaths: 0.
num_vsnodes_births: 2.
num_vsnodes_deaths: 0.
num_space_committed: 67.
num_space_uncommitted: 0.
num_chunks_returned_to_freelist: 0.
num_chunks_taken_from_freelist: 107.
num_chunk_merges: 0.
num_chunk_splits: 71.
num_chunks_enlarged: 43.
num_inconsistent_stats: 0.

CodeHeap 'non-profiled nmethods': size=120064Kb used=162Kb max_used=162Kb free=119901Kb
 bounds [0x000001ed453d0000, 0x000001ed45640000, 0x000001ed4c910000]
CodeHeap 'profiled nmethods': size=120000Kb used=519Kb max_used=519Kb free=119480Kb
 bounds [0x000001ed3d910000, 0x000001ed3db80000, 0x000001ed44e40000]
CodeHeap 'non-nmethods': size=5696Kb used=1503Kb max_used=1516Kb free=4192Kb
 bounds [0x000001ed44e40000, 0x000001ed450b0000, 0x000001ed453d0000]
CodeCache: size=245760Kb, used=2184Kb, max_used=2197Kb, free=243573Kb
 total_blobs=968, nmethods=515, adapters=359, full_count=0
Compilation: enabled, stopped_count=0, restarted_count=0

Compilation events (20 events):
Event: 0.811 Thread 0x000001ed5469f0a0  506       3       java.lang.invoke.MemberName::getModifiers (8 bytes)
Event: 0.811 Thread 0x000001ed5469f0a0 nmethod 506 0x000001ed3d98f588 code [0x000001ed3d98f6a0, 0x000001ed3d98f7b0]
Event: 0.811 Thread 0x000001ed5469f0a0  507       1       java.net.URL::getRef (5 bytes)
Event: 0.811 Thread 0x000001ed5469f0a0 nmethod 507 0x000001ed453f7d08 code [0x000001ed453f7e20, 0x000001ed453f7ef0]
Event: 0.815 Thread 0x000001ed5469f0a0  508       3       java.lang.StringConcatHelper::prepend (37 bytes)
Event: 0.815 Thread 0x000001ed5469f0a0 nmethod 508 0x000001ed3d98f888 code [0x000001ed3d98f9e0, 0x000001ed3d98fcb8]
Event: 0.816 Thread 0x000001ed5469f0a0  509       3       java.lang.CharacterDataLatin1::equalsIgnoreCase (63 bytes)
Event: 0.816 Thread 0x000001ed5469f0a0 nmethod 509 0x000001ed3d98fd08 code [0x000001ed3d98fe40, 0x000001ed3d9900f0]
Event: 0.817 Thread 0x000001ed5435d7f0  510       4       java.lang.Math::min (11 bytes)
Event: 0.817 Thread 0x000001ed5435d7f0 nmethod 510 0x000001ed453f8008 code [0x000001ed453f8100, 0x000001ed453f8170]
Event: 0.818 Thread 0x000001ed5469f0a0  511       3       jdk.internal.jimage.ImageStringsReader::hashCode (33 bytes)
Event: 0.819 Thread 0x000001ed5469f0a0 nmethod 511 0x000001ed3d990108 code [0x000001ed3d990240, 0x000001ed3d9903c0]
Event: 0.819 Thread 0x000001ed5469f0a0  512   !   3       java.nio.DirectIntBufferU::get (34 bytes)
Event: 0.819 Thread 0x000001ed5469f0a0 nmethod 512 0x000001ed3d990408 code [0x000001ed3d9905e0, 0x000001ed3d990f40]
Event: 0.819 Thread 0x000001ed5469f0a0  513       3       java.nio.DirectIntBufferU::ix (10 bytes)
Event: 0.819 Thread 0x000001ed5469f0a0 nmethod 513 0x000001ed3d991008 code [0x000001ed3d991120, 0x000001ed3d991240]
Event: 0.819 Thread 0x000001ed5469f0a0  514   !   3       jdk.internal.misc.ScopedMemoryAccess::getInt (16 bytes)
Event: 0.819 Thread 0x000001ed5469f0a0 nmethod 514 0x000001ed3d991308 code [0x000001ed3d991460, 0x000001ed3d991870]
Event: 0.819 Thread 0x000001ed5469f0a0  515   !   3       jdk.internal.misc.ScopedMemoryAccess::getIntInternal (34 bytes)
Event: 0.819 Thread 0x000001ed5469f0a0 nmethod 515 0x000001ed3d991908 code [0x000001ed3d991a40, 0x000001ed3d991cd8]

GC Heap History (0 events):
No events

Dll operation events (9 events):
Event: 0.015 Loaded shared library C:\Users\Rasheed\.jdks\openjdk-23.0.2\bin\java.dll
Event: 0.017 Loaded shared library C:\Users\Rasheed\.jdks\openjdk-23.0.2\bin\zip.dll
Event: 0.048 Loaded shared library C:\Users\Rasheed\.jdks\openjdk-23.0.2\bin\jsvml.dll
Event: 0.563 Loaded shared library C:\Users\Rasheed\.jdks\openjdk-23.0.2\bin\instrument.dll
Event: 0.656 Loaded shared library C:\Users\Rasheed\.jdks\openjdk-23.0.2\bin\net.dll
Event: 0.657 Loaded shared library C:\Users\Rasheed\.jdks\openjdk-23.0.2\bin\nio.dll
Event: 0.679 Loaded shared library C:\Users\Rasheed\.jdks\openjdk-23.0.2\bin\zip.dll
Event: 0.749 Loaded shared library C:\Users\Rasheed\.jdks\openjdk-23.0.2\bin\jimage.dll
Event: 0.779 Loaded shared library C:\Users\Rasheed\AppData\Local\Temp\lwjglRasheed\3.3.1-build-7\lwjgl.dll

Deoptimization events (20 events):
Event: 0.589 Thread 0x000001ed351df790 Uncommon trap: trap_request=0xffffffde fr.pc=0x000001ed453dfaa4 relative=0x0000000000000c84
Event: 0.589 Thread 0x000001ed351df790 Uncommon trap: reason=class_check action=maybe_recompile pc=0x000001ed453dfaa4 method=java.util.HashMap.putVal(ILjava/lang/Object;Ljava/lang/Object;ZZ)Ljava/lang/Object; @ 106 c2
Event: 0.589 Thread 0x000001ed351df790 DEOPT PACKING pc=0x000001ed453dfaa4 sp=0x0000005b4a7fd010
Event: 0.589 Thread 0x000001ed351df790 DEOPT UNPACKING pc=0x000001ed44e97982 sp=0x0000005b4a7fcfd8 mode 2
Event: 0.590 Thread 0x000001ed351df790 Uncommon trap: trap_request=0xffffffde fr.pc=0x000001ed453dfaa4 relative=0x0000000000000c84
Event: 0.590 Thread 0x000001ed351df790 Uncommon trap: reason=class_check action=maybe_recompile pc=0x000001ed453dfaa4 method=java.util.HashMap.putVal(ILjava/lang/Object;Ljava/lang/Object;ZZ)Ljava/lang/Object; @ 106 c2
Event: 0.590 Thread 0x000001ed351df790 DEOPT PACKING pc=0x000001ed453dfaa4 sp=0x0000005b4a7fd010
Event: 0.590 Thread 0x000001ed351df790 DEOPT UNPACKING pc=0x000001ed44e97982 sp=0x0000005b4a7fcfd8 mode 2
Event: 0.626 Thread 0x000001ed351df790 Uncommon trap: trap_request=0xffffff45 fr.pc=0x000001ed453e4460 relative=0x0000000000000060
Event: 0.626 Thread 0x000001ed351df790 Uncommon trap: reason=unstable_if action=reinterpret pc=0x000001ed453e4460 method=java.lang.String.isLatin1()Z @ 10 c2
Event: 0.626 Thread 0x000001ed351df790 DEOPT PACKING pc=0x000001ed453e4460 sp=0x0000005b4a7fe850
Event: 0.626 Thread 0x000001ed351df790 DEOPT UNPACKING pc=0x000001ed44e97982 sp=0x0000005b4a7fe7f0 mode 2
Event: 0.626 Thread 0x000001ed351df790 Uncommon trap: trap_request=0xffffff45 fr.pc=0x000001ed453e286c relative=0x00000000000000cc
Event: 0.626 Thread 0x000001ed351df790 Uncommon trap: reason=unstable_if action=reinterpret pc=0x000001ed453e286c method=java.lang.String.isLatin1()Z @ 10 c2
Event: 0.626 Thread 0x000001ed351df790 DEOPT PACKING pc=0x000001ed453e286c sp=0x0000005b4a7ff1c0
Event: 0.626 Thread 0x000001ed351df790 DEOPT UNPACKING pc=0x000001ed44e97982 sp=0x0000005b4a7ff110 mode 2
Event: 0.682 Thread 0x000001ed351df790 Uncommon trap: trap_request=0xffffffde fr.pc=0x000001ed453dfaa4 relative=0x0000000000000c84
Event: 0.682 Thread 0x000001ed351df790 Uncommon trap: reason=class_check action=maybe_recompile pc=0x000001ed453dfaa4 method=java.util.HashMap.putVal(ILjava/lang/Object;Ljava/lang/Object;ZZ)Ljava/lang/Object; @ 106 c2
Event: 0.682 Thread 0x000001ed351df790 DEOPT PACKING pc=0x000001ed453dfaa4 sp=0x0000005b4a7fca50
Event: 0.682 Thread 0x000001ed351df790 DEOPT UNPACKING pc=0x000001ed44e97982 sp=0x0000005b4a7fca18 mode 2

Classes loaded (20 events):
Event: 0.811 Loading class java/nio/BufferUnderflowException
Event: 0.811 Loading class java/nio/BufferUnderflowException done
Event: 0.811 Loading class org/lwjgl/system/MemoryStack
Event: 0.811 Loading class org/lwjgl/system/MemoryStack done
Event: 0.813 Loading class org/lwjgl/system/MemoryStack$DebugMemoryStack
Event: 0.813 Loading class org/lwjgl/system/MemoryStack$DebugMemoryStack done
Event: 0.813 Loading class java/lang/IndexOutOfBoundsException
Event: 0.813 Loading class java/lang/IndexOutOfBoundsException done
Event: 0.814 Loading class org/lwjgl/system/MemoryStack
Event: 0.814 Loading class org/lwjgl/system/MemoryStack done
Event: 0.814 Loading class org/lwjgl/system/MemoryStack
Event: 0.814 Loading class org/lwjgl/system/MemoryStack done
Event: 0.815 Loading class org/lwjgl/BufferUtils
Event: 0.815 Loading class org/lwjgl/BufferUtils done
Event: 0.816 Loading class org/lwjgl/system/windows/WinBase
Event: 0.816 Loading class org/lwjgl/system/windows/WinBase done
Event: 0.816 Loading class org/lwjgl/system/ThreadLocalUtil
Event: 0.816 Loading class org/lwjgl/system/ThreadLocalUtil done
Event: 0.819 Loading class org/lwjgl/glfw/GLFW$Functions
Event: 0.819 Loading class org/lwjgl/glfw/GLFW$Functions done

Classes unloaded (0 events):
No events

Classes redefined (1 events):
Event: 0.600 Thread 0x000001ed543327b0 redefined class name=java.lang.Throwable, count=1

Internal exceptions (18 events):
Event: 0.570 Thread 0x000001ed351df790 Exception <a 'java/lang/NoSuchMethodError'{0x0000000713c53df0}: 'java.lang.Object java.lang.invoke.Invokers$Holder.invokeExact_MT(java.lang.Object, java.lang.Object, java.lang.Object, java.lang.Object, java.lang.Object)'> (0x0000000713c53df0) 
thrown [s\open\src\hotspot\share\interpreter\linkResolver.cpp, line 796]
Event: 0.726 Thread 0x000001ed351df790 Exception <a 'java/lang/NoSuchMethodError'{0x0000000713b62c88}: 'void java.lang.invoke.DirectMethodHandle$Holder.invokeStatic(java.lang.Object, java.lang.Object)'> (0x0000000713b62c88) 
thrown [s\open\src\hotspot\share\interpreter\linkResolver.cpp, line 796]
Event: 0.729 Thread 0x000001ed351df790 Exception <a 'java/lang/NoSuchMethodError'{0x0000000713b72df0}: 'void java.lang.System.load(java.lang.String, java.lang.Class)'> (0x0000000713b72df0) 
thrown [s\open\src\hotspot\share\interpreter\linkResolver.cpp, line 796]
Event: 0.729 Thread 0x000001ed351df790 Exception <a 'java/lang/NoSuchMethodError'{0x0000000713b73840}: 'void java.lang.invoke.DirectMethodHandle$Holder.invokeSpecial(java.lang.Object, java.lang.Object, java.lang.Object)'> (0x0000000713b73840) 
thrown [s\open\src\hotspot\share\interpreter\linkResolver.cpp, line 796]
Event: 0.733 Thread 0x000001ed351df790 Exception <a 'java/lang/NoSuchMethodError'{0x0000000713b88f78}: 'java.lang.Object java.lang.invoke.DirectMethodHandle$Holder.invokeStatic(java.lang.Object, java.lang.Object, int)'> (0x0000000713b88f78) 
thrown [s\open\src\hotspot\share\interpreter\linkResolver.cpp, line 796]
Event: 0.734 Thread 0x000001ed351df790 Exception <a 'java/lang/NoSuchMethodError'{0x0000000713b94930}: 'void java.lang.invoke.DelegatingMethodHandle$Holder.delegate(java.lang.Object, java.lang.Object, int, java.lang.Object)'> (0x0000000713b94930) 
thrown [s\open\src\hotspot\share\interpreter\linkResolver.cpp, line 796]
Event: 0.734 Thread 0x000001ed351df790 Exception <a 'java/lang/NoSuchMethodError'{0x0000000713b986a8}: 'int java.lang.invoke.DirectMethodHandle$Holder.invokeSpecial(java.lang.Object, java.lang.Object, java.lang.Object)'> (0x0000000713b986a8) 
thrown [s\open\src\hotspot\share\interpreter\linkResolver.cpp, line 796]
Event: 0.740 Thread 0x000001ed351df790 Exception <a 'java/lang/NoSuchMethodError'{0x0000000713bb49c8}: 'void java.lang.System.loadLibrary(java.lang.String, java.lang.Class)'> (0x0000000713bb49c8) 
thrown [s\open\src\hotspot\share\interpreter\linkResolver.cpp, line 796]
Event: 0.776 Thread 0x000001ed351df790 Exception <a 'sun/nio/fs/WindowsException'{0x000000071387be58}> (0x000000071387be58) 
thrown [s\open\src\hotspot\share\prims\jni.cpp, line 520]
Event: 0.777 Thread 0x000001ed351df790 Exception <a 'sun/nio/fs/WindowsException'{0x000000071387d4b0}> (0x000000071387d4b0) 
thrown [s\open\src\hotspot\share\prims\jni.cpp, line 520]
Event: 0.791 Thread 0x000001ed351df790 Exception <a 'sun/nio/fs/WindowsException'{0x00000007138ad4e0}> (0x00000007138ad4e0) 
thrown [s\open\src\hotspot\share\prims\jni.cpp, line 520]
Event: 0.791 Thread 0x000001ed351df790 Exception <a 'sun/nio/fs/WindowsException'{0x00000007138ad880}> (0x00000007138ad880) 
thrown [s\open\src\hotspot\share\prims\jni.cpp, line 520]
Event: 0.804 Thread 0x000001ed351df790 Exception <a 'java/lang/NoSuchMethodError'{0x000000071391faa8}: 'int java.lang.invoke.DirectMethodHandle$Holder.invokeStaticInit(java.lang.Object, java.lang.Object, int, long)'> (0x000000071391faa8) 
thrown [s\open\src\hotspot\share\interpreter\linkResolver.cpp, line 796]
Event: 0.805 Thread 0x000001ed351df790 Exception <a 'java/lang/NoSuchMethodError'{0x0000000713924c00}: 'java.lang.Object java.lang.invoke.DirectMethodHandle$Holder.newInvokeSpecial(java.lang.Object, java.lang.Object, int)'> (0x0000000713924c00) 
thrown [s\open\src\hotspot\share\interpreter\linkResolver.cpp, line 796]
Event: 0.807 Thread 0x000001ed351df790 Exception <a 'java/lang/NoSuchMethodError'{0x0000000713936368}: 'int java.lang.invoke.DirectMethodHandle$Holder.invokeStaticInit(java.lang.Object, java.lang.Object, long, long)'> (0x0000000713936368) 
thrown [s\open\src\hotspot\share\interpreter\linkResolver.cpp, line 796]
Event: 0.808 Thread 0x000001ed351df790 Exception <a 'java/lang/NoSuchMethodError'{0x000000071393be58}: 'java.lang.Object java.lang.invoke.DirectMethodHandle$Holder.newInvokeSpecial(java.lang.Object, java.lang.Object, long)'> (0x000000071393be58) 
thrown [s\open\src\hotspot\share\interpreter\linkResolver.cpp, line 796]
Event: 0.808 Thread 0x000001ed351df790 Exception <a 'java/lang/NoSuchMethodError'{0x000000071393fd38}: 'java.lang.Object java.lang.invoke.Invokers$Holder.linkToTargetMethod(java.lang.Object, long, java.lang.Object)'> (0x000000071393fd38) 
thrown [s\open\src\hotspot\share\interpreter\linkResolver.cpp, line 796]
Event: 0.809 Thread 0x000001ed351df790 Exception <a 'java/lang/NoSuchMethodError'{0x0000000713946fb0}: 'int java.lang.invoke.DirectMethodHandle$Holder.invokeStaticInit(java.lang.Object, java.lang.Object, java.lang.Object, long)'> (0x0000000713946fb0) 
thrown [s\open\src\hotspot\share\interpreter\linkResolver.cpp, line 796]

VM Operations (10 events):
Event: 0.082 Executing VM operation: HandshakeAllThreads (Deoptimize)
Event: 0.082 Executing VM operation: HandshakeAllThreads (Deoptimize) done
Event: 0.557 Executing VM operation: ChangeBreakpoints
Event: 0.557 Executing VM operation: ChangeBreakpoints done
Event: 0.559 Executing VM operation: ChangeBreakpoints
Event: 0.559 Executing VM operation: ChangeBreakpoints done
Event: 0.599 Executing VM operation: RedefineClasses
Event: 0.600 Executing VM operation: RedefineClasses done
Event: 0.611 Executing VM operation: get/set locals
Event: 0.612 Executing VM operation: get/set locals done

Memory protections (0 events):
No events

Nmethod flushes (0 events):
No events

Events (14 events):
Event: 0.030 Thread 0x000001ed351df790 Thread added: 0x000001ed351df790
Event: 0.044 Thread 0x000001ed351df790 Thread added: 0x000001ed5434e270
Event: 0.045 Thread 0x000001ed351df790 Thread added: 0x000001ed5434fa40
Event: 0.045 Thread 0x000001ed351df790 Thread added: 0x000001ed543538f0
Event: 0.045 Thread 0x000001ed351df790 Thread added: 0x000001ed54354480
Event: 0.045 Thread 0x000001ed351df790 Thread added: 0x000001ed54356db0
Event: 0.045 Thread 0x000001ed351df790 Thread added: 0x000001ed54698090
Event: 0.045 Thread 0x000001ed351df790 Thread added: 0x000001ed5435d7f0
Event: 0.045 Thread 0x000001ed351df790 Thread added: 0x000001ed5469f0a0
Event: 0.075 Thread 0x000001ed351df790 Thread added: 0x000001ed5478ffb0
Event: 0.102 Thread 0x000001ed351df790 Thread added: 0x000001ed548b3890
Event: 0.103 Thread 0x000001ed351df790 Thread added: 0x000001ed549a7830
Event: 0.103 Thread 0x000001ed548b3890 Thread added: 0x000001ed549a7ec0
Event: 0.623 Thread 0x000001ed351df790 Thread added: 0x000001ed54790cd0


Dynamic libraries:
0x00007ff73a970000 - 0x00007ff73a97e000 	C:\Users\Rasheed\.jdks\openjdk-23.0.2\bin\java.exe
0x00007ffd36100000 - 0x00007ffd36363000 	C:\WINDOWS\SYSTEM32\ntdll.dll
0x00007ffd35340000 - 0x00007ffd35407000 	C:\WINDOWS\System32\KERNEL32.DLL
0x00007ffd333b0000 - 0x00007ffd33779000 	C:\WINDOWS\System32\KERNELBASE.dll
0x00007ffd33810000 - 0x00007ffd3395c000 	C:\WINDOWS\System32\ucrtbase.dll
0x00007ffd2d700000 - 0x00007ffd2d717000 	C:\Users\Rasheed\.jdks\openjdk-23.0.2\bin\jli.dll
0x00007ffd2d390000 - 0x00007ffd2d3ab000 	C:\Users\Rasheed\.jdks\openjdk-23.0.2\bin\VCRUNTIME140.dll
0x00007ffd35c90000 - 0x00007ffd35e5a000 	C:\WINDOWS\System32\USER32.dll
0x00007ffd33ef0000 - 0x00007ffd33f17000 	C:\WINDOWS\System32\win32u.dll
0x00007ffd14090000 - 0x00007ffd14320000 	C:\WINDOWS\WinSxS\amd64_microsoft.windows.common-controls_6595b64144ccf1df_6.0.26100.3323_none_3e088096e3344490\COMCTL32.dll
0x00007ffd35e60000 - 0x00007ffd35e8a000 	C:\WINDOWS\System32\GDI32.dll
0x00007ffd34710000 - 0x00007ffd347b9000 	C:\WINDOWS\System32\msvcrt.dll
0x00007ffd33b70000 - 0x00007ffd33ca1000 	C:\WINDOWS\System32\gdi32full.dll
0x00007ffd33300000 - 0x00007ffd333a3000 	C:\WINDOWS\System32\msvcp_win.dll
0x00007ffd346d0000 - 0x00007ffd346ff000 	C:\WINDOWS\System32\IMM32.DLL
0x00007ffd2fd80000 - 0x00007ffd2fd8c000 	C:\Users\Rasheed\.jdks\openjdk-23.0.2\bin\vcruntime140_1.dll
0x00007ffd0c270000 - 0x00007ffd0c2fe000 	C:\Users\Rasheed\.jdks\openjdk-23.0.2\bin\msvcp140.dll
0x00007ffc9b250000 - 0x00007ffc9bfa0000 	C:\Users\Rasheed\.jdks\openjdk-23.0.2\bin\server\jvm.dll
0x00007ffd34bf0000 - 0x00007ffd34ca2000 	C:\WINDOWS\System32\ADVAPI32.dll
0x00007ffd35ad0000 - 0x00007ffd35b76000 	C:\WINDOWS\System32\sechost.dll
0x00007ffd35620000 - 0x00007ffd35736000 	C:\WINDOWS\System32\RPCRT4.dll
0x00007ffd35c10000 - 0x00007ffd35c84000 	C:\WINDOWS\System32\WS2_32.dll
0x00007ffd33190000 - 0x00007ffd331de000 	C:\WINDOWS\SYSTEM32\POWRPROF.dll
0x00007ffd29a20000 - 0x00007ffd29a56000 	C:\WINDOWS\SYSTEM32\WINMM.dll
0x00007ffd1f530000 - 0x00007ffd1f53b000 	C:\WINDOWS\SYSTEM32\VERSION.dll
0x00007ffd33170000 - 0x00007ffd33184000 	C:\WINDOWS\SYSTEM32\UMPDC.dll
0x00007ffd32080000 - 0x00007ffd3209a000 	C:\WINDOWS\SYSTEM32\kernel.appcore.dll
0x00007ffd28e60000 - 0x00007ffd28e6a000 	C:\Users\Rasheed\.jdks\openjdk-23.0.2\bin\jimage.dll
0x00007ffd30880000 - 0x00007ffd30ac1000 	C:\WINDOWS\SYSTEM32\DBGHELP.DLL
0x00007ffd35740000 - 0x00007ffd35ac2000 	C:\WINDOWS\System32\combase.dll
0x00007ffd34b10000 - 0x00007ffd34be6000 	C:\WINDOWS\System32\OLEAUT32.dll
0x00007ffd015f0000 - 0x00007ffd01629000 	C:\WINDOWS\SYSTEM32\dbgcore.DLL
0x00007ffd33ad0000 - 0x00007ffd33b69000 	C:\WINDOWS\System32\bcryptPrimitives.dll
0x00007ffd1d0a0000 - 0x00007ffd1d0dc000 	C:\Users\Rasheed\.jdks\openjdk-23.0.2\bin\jdwp.dll
0x00007ffd24430000 - 0x00007ffd2443f000 	C:\Users\Rasheed\.jdks\openjdk-23.0.2\bin\instrument.dll
0x00007ffd24660000 - 0x00007ffd2467e000 	C:\Users\Rasheed\.jdks\openjdk-23.0.2\bin\java.dll
0x00007ffd34cb0000 - 0x00007ffd34e45000 	C:\WINDOWS\System32\ole32.dll
0x00007ffd33f20000 - 0x00007ffd34635000 	C:\WINDOWS\System32\SHELL32.dll
0x00007ffd33960000 - 0x00007ffd33ac8000 	C:\WINDOWS\System32\wintypes.dll
0x00007ffd24440000 - 0x00007ffd24457000 	C:\Users\Rasheed\.jdks\openjdk-23.0.2\bin\zip.dll
0x00007ffd30fc0000 - 0x00007ffd31805000 	C:\WINDOWS\SYSTEM32\windows.storage.dll
0x00007ffd34a20000 - 0x00007ffd34b0b000 	C:\WINDOWS\System32\SHCORE.dll
0x00007ffd35460000 - 0x00007ffd354bd000 	C:\WINDOWS\System32\shlwapi.dll
0x00007ffd33210000 - 0x00007ffd3323f000 	C:\WINDOWS\SYSTEM32\profapi.dll
0x00007ffd0a3f0000 - 0x00007ffd0a4c7000 	C:\Users\Rasheed\.jdks\openjdk-23.0.2\bin\jsvml.dll
0x00007ffd24400000 - 0x00007ffd2440c000 	C:\Users\Rasheed\.jdks\openjdk-23.0.2\bin\dt_socket.dll
0x00007ffd31c80000 - 0x00007ffd31cb3000 	C:\WINDOWS\SYSTEM32\IPHLPAPI.DLL
0x00007ffd32640000 - 0x00007ffd326aa000 	C:\WINDOWS\system32\mswsock.dll
0x00007ffd24650000 - 0x00007ffd24660000 	C:\Users\Rasheed\.jdks\openjdk-23.0.2\bin\net.dll
0x00007ffd24470000 - 0x00007ffd24486000 	C:\Users\Rasheed\.jdks\openjdk-23.0.2\bin\nio.dll
0x00007ffd057b0000 - 0x00007ffd05825000 	C:\Users\Rasheed\AppData\Local\Temp\lwjglRasheed\3.3.1-build-7\lwjgl.dll
0x00007ffd0a840000 - 0x00007ffd0a8a1000 	C:\Users\Rasheed\AppData\Local\Temp\lwjglRasheed\3.3.1-build-7\glfw.dll

dbghelp: loaded successfully - version: 4.0.5 - missing functions: none
symbol engine: initialized successfully - sym options: 0x614 - pdb path: .;C:\Users\Rasheed\.jdks\openjdk-23.0.2\bin;C:\WINDOWS\SYSTEM32;C:\WINDOWS\WinSxS\amd64_microsoft.windows.common-controls_6595b64144ccf1df_6.0.26100.3323_none_3e088096e3344490;C:\Users\Rasheed\.jdks\openjdk-23.0.2\bin\server;C:\Users\Rasheed\AppData\Local\Temp\lwjglRasheed\3.3.1-build-7

VM Arguments:
jvm_args: -agentlib:jdwp=transport=dt_socket,address=127.0.0.1:57288,suspend=y,server=n -javaagent:C:\Users\Rasheed\AppData\Local\JetBrains\IdeaIC2024.3\captureAgent\debugger-agent.jar -Dkotlinx.coroutines.debug.enable.creation.stack.trace=false -Ddebugger.agent.enable.coroutines=true -Dkotlinx.coroutines.debug.enable.flows.stack.trace=true -Dkotlinx.coroutines.debug.enable.mutable.state.flows.stack.trace=true -Dfile.encoding=UTF-8 -Dsun.stdout.encoding=UTF-8 -Dsun.stderr.encoding=UTF-8 
java_command: ShadowDonkeyKong
java_class_path (initial): C:\Users\Rasheed\projects\SWEN20003\ramohammed-project-1\DonkeyKong_Skeleton\target\classes;C:\Users\Rasheed\.m2\repository\org\lwjgl\lwjgl\3.3.1\lwjgl-3.3.1.jar;C:\Users\Rasheed\.m2\repository\org\lwjgl\lwjgl-assimp\3.3.1\lwjgl-assimp-3.3.1.jar;C:\Users\Rasheed\.m2\repository\org\lwjgl\lwjgl-glfw\3.3.1\lwjgl-glfw-3.3.1.jar;C:\Users\Rasheed\.m2\repository\org\lwjgl\lwjgl-openal\3.3.1\lwjgl-openal-3.3.1.jar;C:\Users\Rasheed\.m2\repository\org\lwjgl\lwjgl-opengl\3.3.1\lwjgl-opengl-3.3.1.jar;C:\Users\Rasheed\.m2\repository\org\lwjgl\lwjgl-stb\3.3.1\lwjgl-stb-3.3.1.jar;C:\Users\Rasheed\.m2\repository\org\lwjgl\lwjgl\3.3.1\lwjgl-3.3.1-natives-windows.jar;C:\Users\Rasheed\.m2\repository\org\lwjgl\lwjgl-assimp\3.3.1\lwjgl-assimp-3.3.1-natives-windows.jar;C:\Users\Rasheed\.m2\repository\org\lwjgl\lwjgl-glfw\3.3.1\lwjgl-glfw-3.3.1-natives-windows.jar;C:\Users\Rasheed\.m2\repository\org\lwjgl\lwjgl-openal\3.3.1\lwjgl-openal-3.3.1-natives-windows.jar;C:\Users\Rasheed\.m2\repository\org\lwjgl\lwjgl-opengl\3.3.1\lwjgl-opengl-3.3.1-natives-windows.jar;C:\Users\Rasheed\.m2\repository\org\lwjgl\lwjgl-stb\3.3.1\lwjgl-stb-3.3.1-natives-windows.jar;C:\Users\Rasheed\.m2\repository\io\github\eleanor-em\bagel\1.9.3\bagel-1.9.3.jar;C:\Program Files\JetBrains\IntelliJ IDEA Community Edition 2024.3.4.1\lib\idea_rt.jar
Launcher Type: SUN_STANDARD

[Global flags]
     intx CICompilerCount                          = 4                                         {product} {ergonomic}
     uint ConcGCThreads                            = 2                                         {product} {ergonomic}
     uint G1ConcRefinementThreads                  = 8                                         {product} {ergonomic}
   size_t G1HeapRegionSize                         = 2097152                                   {product} {ergonomic}
   size_t InitialHeapSize                          = 264241152                                 {product} {ergonomic}
   size_t MarkStackSize                            = 4194304                                   {product} {ergonomic}
   size_t MarkStackSizeMax                         = 536870912                                 {product} {ergonomic}
   size_t MaxHeapSize                              = 4223664128                                {product} {ergonomic}
   size_t MaxNewSize                               = 2533359616                                {product} {ergonomic}
   size_t MinHeapDeltaBytes                        = 2097152                                   {product} {ergonomic}
   size_t MinHeapSize                              = 8388608                                   {product} {ergonomic}
    uintx NonNMethodCodeHeapSize                   = 5832704                                {pd product} {ergonomic}
    uintx NonProfiledCodeHeapSize                  = 122945536                              {pd product} {ergonomic}
    uintx ProfiledCodeHeapSize                     = 122880000                              {pd product} {ergonomic}
    uintx ReservedCodeCacheSize                    = 251658240                              {pd product} {ergonomic}
     bool SegmentedCodeCache                       = true                                      {product} {ergonomic}
   size_t SoftMaxHeapSize                          = 4223664128                             {manageable} {ergonomic}
     bool UseCompressedOops                        = true                           {product lp64_product} {ergonomic}
     bool UseG1GC                                  = true                                      {product} {ergonomic}
     bool UseLargePagesIndividualAllocation        = false                                  {pd product} {ergonomic}

Logging:
Log output configuration:
 #0: stdout all=warning uptime,level,tags foldmultilines=false
 #1: stderr all=off uptime,level,tags foldmultilines=false

Environment Variables:
PATH=C:\Python313\Scripts\;C:\Python313\;C:\WINDOWS\system32;C:\WINDOWS;C:\WINDOWS\System32\Wbem;C:\WINDOWS\System32\WindowsPowerShell\v1.0\;C:\WINDOWS\System32\OpenSSH\;C:\Program Files\dotnet\;C:\Program Files\MATLAB\R2024b\bin;C:\Program Files\Git\cmd;C:\Program Files\nodejs\;C:\ProgramData\chocolatey\bin;C:\Users\Rasheed\.console-ninja\.bin;C:\Users\Rasheed\AppData\Local\Microsoft\WindowsApps;C:\Users\Rasheed\AppData\Local\Programs\Microsoft VS Code\bin;C:\Users\Rasheed\AppData\Local\Microsoft\WindowsApps\PythonSoftwareFoundation.Python.3.9_qbz5n2kfra8p0\python.exe;C:\msys64\ucrt64\bin;C:\Users\Rasheed\AppData\Roaming\npm
USERNAME=Rasheed
OS=Windows_NT
PROCESSOR_IDENTIFIER=Intel64 Family 6 Model 140 Stepping 1, GenuineIntel
TMP=C:\Users\Rasheed\AppData\Local\Temp
TEMP=C:\Users\Rasheed\AppData\Local\Temp




Periodic native trim disabled

---------------  S Y S T E M  ---------------

OS:
 Windows 11 , 64 bit Build 26100 (10.0.26100.3323)
OS uptime: 5 days 22:21 hours
Hyper-V role detected

CPU: total 8 (initial active 8) (4 cores per cpu, 2 threads per core) family 6 model 140 stepping 1 microcode 0xba, cx8, cmov, fxsr, ht, mmx, 3dnowpref, sse, sse2, sse3, ssse3, sse4.1, sse4.2, popcnt, lzcnt, tsc, tscinvbit, avx, avx2, aes, erms, clmul, bmi1, bmi2, adx, avx512f, avx512dq, avx512cd, avx512bw, avx512vl, sha, fma, vzeroupper, avx512_vpopcntdq, avx512_vpclmulqdq, avx512_vaes, avx512_vnni, clflush, clflushopt, clwb, avx512_vbmi2, avx512_vbmi, hv, rdtscp, rdpid, fsrm, gfni, avx512_bitalg, f16c, cet_ibt, cet_ss, avx512_ifma
Processor Information for processor 0
  Max Mhz: 2803, Current Mhz: 2803, Mhz Limit: 2803
Processor Information for processor 1
  Max Mhz: 2803, Current Mhz: 1001, Mhz Limit: 2803
Processor Information for processor 2
  Max Mhz: 2803, Current Mhz: 2803, Mhz Limit: 2803
Processor Information for processor 3
  Max Mhz: 2803, Current Mhz: 2803, Mhz Limit: 2803
Processor Information for processor 4
  Max Mhz: 2803, Current Mhz: 2803, Mhz Limit: 2803
Processor Information for processor 5
  Max Mhz: 2803, Current Mhz: 2803, Mhz Limit: 2803
Processor Information for processor 6
  Max Mhz: 2803, Current Mhz: 1001, Mhz Limit: 2803
Processor Information for processor 7
  Max Mhz: 2803, Current Mhz: 2803, Mhz Limit: 2803

Memory: 4k page, system-wide physical 16110M (2909M free)
TotalPageFile size 19368M (AvailPageFile size 1651M)
current process WorkingSet (physical memory assigned to process): 57M, peak: 57M
current process commit charge ("private bytes"): 347M, peak: 347M

vm_info: OpenJDK 64-Bit Server VM (23.0.2+7-58) for windows-amd64 JRE (23.0.2+7-58), built on 2024-11-29T09:34:55Z with MS VC++ 17.6 (VS2022)

END.
