#
# A fatal error has been detected by the Java Runtime Environment:
#
#  EXCEPTION_ACCESS_VIOLATION (0xc0000005) at pc=0x00007ffae6a26a0c, pid=12524, tid=3512
#
# JRE version: OpenJDK Runtime Environment (23.0.2+7) (build 23.0.2+7-58)
# Java VM: OpenJDK 64-Bit Server VM (23.0.2+7-58, mixed mode, sharing, tiered, compressed oops, compressed class ptrs, g1 gc, windows-amd64)
# Problematic frame:
# C  [jdwp.dll+0x26a0c]
#
# No core dump will be written. Minidumps are not enabled by default on client versions of Windows
#
# If you would like to submit a bug report, please visit:
#   https://bugreport.java.com/bugreport/crash.jsp
# The crash happened outside the Java Virtual Machine in native code.
# See problematic frame for where to report the bug.
#

---------------  S U M M A R Y ------------

Command Line: -agentlib:jdwp=transport=dt_socket,address=127.0.0.1:56484,suspend=y,server=n -javaagent:C:\Users\Rasheed\AppData\Local\JetBrains\IdeaIC2024.3\captureAgent\debugger-agent.jar -Dkotlinx.coroutines.debug.enable.creation.stack.trace=false -Ddebugger.agent.enable.coroutines=true -Dkotlinx.coroutines.debug.enable.flows.stack.trace=true -Dkotlinx.coroutines.debug.enable.mutable.state.flows.stack.trace=true -Dfile.encoding=UTF-8 -Dsun.stdout.encoding=UTF-8 -Dsun.stderr.encoding=UTF-8 ShadowDonkeyKong

Host: 11th Gen Intel(R) Core(TM) i7-1165G7 @ 2.80GHz, 8 cores, 15G,  Windows 11 , 64 bit Build 26100 (10.0.26100.3775)
Time: Thu Apr 17 11:53:46 2025 AUS Eastern Standard Time elapsed time: 0.733490 seconds (0d 0h 0m 0s)

---------------  T H R E A D  ---------------

Current thread (0x00000280b60b2580):  JavaThread "main"             [_thread_in_native, id=3512, stack(0x000000a391800000,0x000000a391900000) (1024K)]

Stack: [0x000000a391800000,0x000000a391900000],  sp=0x000000a3918fe328,  free space=1016k
Native frames: (J=compiled Java code, j=interpreted, Vv=VM code, C=native code)
C  [jdwp.dll+0x26a0c]  (no source info available)
C  [jdwp.dll+0x161f3]  (no source info available)
C  [jdwp.dll+0x12873]  (no source info available)
V  [jvm.dll+0x599337]  (no source info available)
V  [jvm.dll+0x3c12a6]  (no source info available)
V  [jvm.dll+0x3bfef7]  (no source info available)
V  [jvm.dll+0x3bfe98]  (no source info available)
V  [jvm.dll+0x5e459b]  (no source info available)
V  [jvm.dll+0x5e4653]  (no source info available)
V  [jvm.dll+0x3d592a]  (no source info available)
V  [jvm.dll+0x3d53b0]  (no source info available)
C  0x00000280c5d301b1  (no source info available)

The last pc belongs to getstatic (printed below).
Java frames: (J=compiled Java code, j=interpreted, Vv=VM code)
j  org.lwjgl.glfw.GLFW.glfwInit()Z+0
j  bagel.AbstractGame.<clinit>()V+19
v  ~StubRoutines::call_stub 0x00000280c5d10fcd

siginfo: EXCEPTION_ACCESS_VIOLATION (0xc0000005), reading address 0xffffffffffffffff


Registers:
RAX=0x000002811b253b70, RBX=0x00000280d5505220, RCX=0x00000280b60b2940, RDX=0x00000280d5505220
RSP=0x000000a3918fe328, RBP=0x0000000000000002, RSI=0x000000a3918fe3d0, RDI=0x00000280b60b2940
R8 =0x0000000000010002, R9 =0x0000000000000000, R10=0x00007ffaf3760000, R11=0x000000a3918fe2f8
R12=0x0000000000000007, R13=0x00000280d5505220, R14=0x00007ffae6a30400, R15=0x0000000000000000
RIP=0x00007ffae6a26a0c, EFLAGS=0x0000000000010202


Register to memory mapping:

RAX=0x000002811b253b70 points into unknown readable memory: 0x0000000000000000 | 00 00 00 00 00 00 00 00
RBX=0x00000280d5505220 points into unknown readable memory: 0x0000000713e0a4d8 | d8 a4 e0 13 07 00 00 00
RCX=0x00000280b60b2940 points into unknown readable memory: 0x000002811b253b70 | 70 3b 25 1b 81 02 00 00
RDX=0x00000280d5505220 points into unknown readable memory: 0x0000000713e0a4d8 | d8 a4 e0 13 07 00 00 00
RSP=0x000000a3918fe328 is pointing into the stack for thread: 0x00000280b60b2580
RBP=0x0000000000000002 is an unknown value
RSI=0x000000a3918fe3d0 is pointing into the stack for thread: 0x00000280b60b2580
RDI=0x00000280b60b2940 points into unknown readable memory: 0x000002811b253b70 | 70 3b 25 1b 81 02 00 00
R8 =0x0000000000010002 is an unknown value
R9 =0x0 is null
R10=0x00007ffaf3760000 VCRUNTIME140.dll
R11=0x000000a3918fe2f8 is pointing into the stack for thread: 0x00000280b60b2580
R12=0x0000000000000007 is an unknown value
R13=0x00000280d5505220 points into unknown readable memory: 0x0000000713e0a4d8 | d8 a4 e0 13 07 00 00 00
R14=0x00007ffae6a30400 jdwp.dll
R15=0x0 is null

Top of Stack: (sp=0x000000a3918fe328)
0x000000a3918fe328:   00007ffae6a161f3 00000280d5505220
0x000000a3918fe338:   000000a3918fe3d0 0000000000000000
0x000000a3918fe348:   0000000000000000 00000280b60ac0f0
0x000000a3918fe358:   0000000000000020 00000280b3cc7d70
0x000000a3918fe368:   00007ffae6a30428 00000280b60b2b58
0x000000a3918fe378:   00007ffae6a12873 00000280d5505220
0x000000a3918fe388:   0000000000000002 00000280b60b2940
0x000000a3918fe398:   00000280d5505228 00000280d553b360
0x000000a3918fe3a8:   00007ffa953d14d9 00000280d5513618
0x000000a3918fe3b8:   00000280d553b360 0000000000000000
0x000000a3918fe3c8:   0000000bffffffff 0000000000000007
0x000000a3918fe3d8:   00000280d5505220 0000000000000000
0x000000a3918fe3e8:   00000280d5505228 0000000000000000
0x000000a3918fe3f8:   0000000000000000 0000000000000000
0x000000a3918fe408:   0000000000000000 0000000000000000
0x000000a3918fe418:   0000000000000000 0000000000000000
0x000000a3918fe428:   00000280b60b2b58 00000280d700f108
0x000000a3918fe438:   00007ffa956d9337 00000280d5505228
0x000000a3918fe448:   00000280d57027e0 00000280b60b2580
0x000000a3918fe458:   00000000000003d8 0000000000000000
0x000000a3918fe468:   00000280b60aabb0 000000a3918fe5e0
0x000000a3918fe478:   0000000000000005 00000280b60b2580
0x000000a3918fe488:   00007ffa953cf4b2 00000506f5eb6cdd
0x000000a3918fe498:   00000280d6665fa0 00000280b3d0ff20
0x000000a3918fe4a8:   00000280b60b2bf0 00000280b60b2c00
0x000000a3918fe4b8:   00000280b60b2fd8 00000000000003d8
0x000000a3918fe4c8:   00000280b60b2580 00000280b60b2580
0x000000a3918fe4d8:   00000280b3d0fd20 00000280b3cc5c30
0x000000a3918fe4e8:   00000280b3cc5c58 00000280b3cc5d18
0x000000a3918fe4f8:   00000000000000d8 000000a3918fe510
0x000000a3918fe508:   00007ffa957ee3d3 00000280b60b2580
0x000000a3918fe518:   00000280b3d0fd20 00000280b3cc5c30 

Instructions: (pc=0x00007ffae6a26a0c)
0x00007ffae6a2690c:   05 df 07 01 00 48 8b 03 48 8b d7 4d 8b 40 30 48
0x00007ffae6a2691c:   8b cb 48 8b 5c 24 30 48 83 c4 20 5f 48 ff a0 00
0x00007ffae6a2692c:   01 00 00 cc 48 89 5c 24 08 57 48 83 ec 20 48 8b
0x00007ffae6a2693c:   f9 e8 f2 ea ff ff 4c 8b 05 a7 07 01 00 48 8b d8
0x00007ffae6a2694c:   41 f6 80 10 02 00 00 02 74 33 41 b8 0f 06 00 00
0x00007ffae6a2695c:   48 8d 15 15 c3 00 00 48 8d 0d 5a 5a 00 00 e8 19
0x00007ffae6a2696c:   48 ff ff 48 8d 15 62 99 00 00 48 8d 0d 5b 5a 00
0x00007ffae6a2697c:   00 e8 ae 48 ff ff 4c 8b 05 67 07 01 00 48 8b 03
0x00007ffae6a2698c:   48 8b d7 4d 8b 40 38 48 8b cb 48 8b 5c 24 30 48
0x00007ffae6a2699c:   83 c4 20 5f 48 ff a0 00 01 00 00 cc 48 89 5c 24
0x00007ffae6a269ac:   08 57 48 83 ec 20 48 8b f9 e8 7a ea ff ff 48 8b
0x00007ffae6a269bc:   15 2f 07 01 00 48 8b d8 f6 82 10 02 00 00 02 74
0x00007ffae6a269cc:   2c 41 b8 01 06 00 00 48 8d 15 9e c2 00 00 48 8d
0x00007ffae6a269dc:   0d e3 59 00 00 e8 a2 47 ff ff 48 8d 15 33 6a 00
0x00007ffae6a269ec:   00 48 8d 0d e4 59 00 00 e8 37 48 ff ff 48 8b 03
0x00007ffae6a269fc:   48 8b d7 48 8b cb 48 8b 5c 24 30 48 83 c4 20 5f
0x00007ffae6a26a0c:   48 ff a0 50 07 00 00 cc 48 89 5c 24 08 48 89 74
0x00007ffae6a26a1c:   24 10 48 89 7c 24 18 41 56 48 83 ec 20 4c 63 f2
0x00007ffae6a26a2c:   49 8b d8 48 8b d1 41 8b f9 48 8b cb 4d 8d 46 ff
0x00007ffae6a26a3c:   ff 15 2e 58 00 00 85 c0 75 3c 41 0f be 44 1e ff
0x00007ffae6a26a4c:   3b c7 75 32 49 03 de eb 10 0f be c8 ff 15 02 58
0x00007ffae6a26a5c:   00 00 85 c0 74 09 48 ff c3 8a 03 84 c0 75 ea 80
0x00007ffae6a26a6c:   3b 3b 74 12 8b d7 48 8b cb e8 38 4b 00 00 48 85
0x00007ffae6a26a7c:   c0 0f 94 c0 eb 02 32 c0 48 8b 5c 24 30 48 8b 74
0x00007ffae6a26a8c:   24 38 48 8b 7c 24 40 48 83 c4 20 41 5e c3 cc cc
0x00007ffae6a26a9c:   0f b6 d1 83 fa 1e 0f 87 83 00 00 00 74 7b 83 fa
0x00007ffae6a26aac:   07 77 41 74 39 83 ea 01 74 2e 83 ea 01 74 23 83
0x00007ffae6a26abc:   ea 01 74 18 83 ea 01 74 0d 83 fa 02 0f 85 8a 00
0x00007ffae6a26acc:   00 00 8d 42 03 c3 b8 04 00 00 00 c3 b8 03 00 00
0x00007ffae6a26adc:   00 c3 b8 02 00 00 00 c3 b8 01 00 00 00 c3 b8 06
0x00007ffae6a26aec:   00 00 00 c3 b8 08 00 00 00 2b d0 74 26 83 ea 01
0x00007ffae6a26afc:   0f 84 88 00 00 00 83 ea 01 74 12 b8 0a 00 00 00 


Stack slot to memory mapping:

stack at sp + 0 slots: 0x00007ffae6a161f3 jdwp.dll
stack at sp + 1 slots: 0x00000280d5505220 points into unknown readable memory: 0x0000000713e0a4d8 | d8 a4 e0 13 07 00 00 00
stack at sp + 2 slots: 0x000000a3918fe3d0 is pointing into the stack for thread: 0x00000280b60b2580
stack at sp + 3 slots: 0x0 is null
stack at sp + 4 slots: 0x0 is null
stack at sp + 5 slots: 0x00000280b60ac0f0 points into unknown readable memory: 0x00000280b3cc7d00 | 00 7d cc b3 80 02 00 00
stack at sp + 6 slots: 0x0000000000000020 is an unknown value
stack at sp + 7 slots: 0x00000280b3cc7d70 points into unknown readable memory: 0x8000001200000001 | 01 00 00 00 12 00 00 80

Lock stack of current Java thread (top to bottom):
LockStack[0]: [I 
{0x000000071398bfa8} - klass: {type array int}
 - length: 0

getstatic  178 getstatic  [0x00000280c5d30100, 0x00000280c5d30558]  1112 bytes
[MachCode]
  0x00000280c5d30100: 4883 ec08 | c5fa 1104 | 24eb 1f48 | 83ec 10c5 | fb11 0424 | eb14 4883 | ec10 4889 | 0424 48c7 
  0x00000280c5d30120: 4424 0800 | 0000 00eb | 0150 488b | 4dd0 410f | b755 0148 | 8b49 286b | d218 488d | 4c11 080f 
  0x00000280c5d30140: b659 1281 | fbb2 0000 | 000f 8474 | 0100 00bb | b200 0000 | e805 0000 | 00e9 5001 | 0000 488b 
  0x00000280c5d30160: d348 8d44 | 2408 4c89 | 6dc0 498b | cfc5 f877 | 4989 afb0 | 0300 0049 | 8987 a003 | 0000 4883 
  0x00000280c5d30180: ec20 40f6 | c40f 0f84 | 1900 0000 | 4883 ec08 | 48b8 5053 | 5195 fa7f | 0000 ffd0 | 4883 c408 
  0x00000280c5d301a0: e90c 0000 | 0048 b850 | 5351 95fa | 7f00 00ff | d048 83c4 | 2049 c787 | a003 0000 | 0000 0000 
  0x00000280c5d301c0: 49c7 87b0 | 0300 0000 | 0000 0049 | c787 a803 | 0000 0000 | 0000 c5f8 | 7741 8b8f | 2c05 0000 
  0x00000280c5d301e0: f6c1 010f | 8442 0000 | 00f6 c102 | 0f85 3900 | 0000 4883 | ec20 40f6 | c40f 0f84 | 1900 0000 
  0x00000280c5d30200: 4883 ec08 | 48b8 00fe | 5095 fa7f | 0000 ffd0 | 4883 c408 | e90c 0000 | 0048 b800 | fe50 95fa 
  0x00000280c5d30220: 7f00 00ff | d048 83c4 | 20ff e049 | 8b8f d805 | 0000 4885 | c90f 8455 | 0000 008b | 899c 0000 
  0x00000280c5d30240: 0083 f901 | 0f85 4600 | 0000 498b | 8fd8 0500 | 008b 89a0 | 0000 0048 | 83ec 2040 | f6c4 0f0f 
  0x00000280c5d30260: 8419 0000 | 0048 83ec | 0848 b8f0 | fd50 95fa | 7f00 00ff | d048 83c4 | 08e9 0c00 | 0000 48b8 
  0x00000280c5d30280: f0fd 5095 | fa7f 0000 | ffd0 4883 | c420 ffe0 | 4983 7f08 | 000f 8405 | 0000 00e9 | 200c feff 
  0x00000280c5d302a0: 4c8b 6dc0 | 4c8b 75c8 | 4e8d 74f5 | 00c3 488b | 4dd0 410f | b755 0148 | 8b49 286b | d218 488d 
  0x00000280c5d302c0: 4c11 0848 | b890 1eda | 95fa 7f00 | 008b 0085 | c00f 848a | 0100 0048 | 8b4d d041 | 0fb7 5501 
  0x00000280c5d302e0: 488b 4928 | 6bd2 1848 | 8d4c 1108 | 4833 c0e8 | 0500 0000 | e953 0100 | 004c 8bc1 | 488b d048 
  0x00000280c5d30300: 8d44 2408 | 4c89 6dc0 | 498b cfc5 | f877 4989 | afb0 0300 | 0049 8987 | a003 0000 | 4883 ec20 
  0x00000280c5d30320: 40f6 c40f | 0f84 1900 | 0000 4883 | ec08 48b8 | b048 5195 | fa7f 0000 | ffd0 4883 | c408 e90c 
  0x00000280c5d30340: 0000 0048 | b8b0 4851 | 95fa 7f00 | 00ff d048 | 83c4 2049 | c787 a003 | 0000 0000 | 0000 49c7 
  0x00000280c5d30360: 87b0 0300 | 0000 0000 | 0049 c787 | a803 0000 | 0000 0000 | c5f8 7741 | 8b8f 2c05 | 0000 f6c1 
  0x00000280c5d30380: 010f 8442 | 0000 00f6 | c102 0f85 | 3900 0000 | 4883 ec20 | 40f6 c40f | 0f84 1900 | 0000 4883 
  0x00000280c5d303a0: ec08 48b8 | 00fe 5095 | fa7f 0000 | ffd0 4883 | c408 e90c | 0000 0048 | b800 fe50 | 95fa 7f00 
  0x00000280c5d303c0: 00ff d048 | 83c4 20ff | e049 8b8f | d805 0000 | 4885 c90f | 8455 0000 | 008b 899c | 0000 0083 
  0x00000280c5d303e0: f901 0f85 | 4600 0000 | 498b 8fd8 | 0500 008b | 89a0 0000 | 0048 83ec | 2040 f6c4 | 0f0f 8419 
  0x00000280c5d30400: 0000 0048 | 83ec 0848 | b8f0 fd50 | 95fa 7f00 | 00ff d048 | 83c4 08e9 | 0c00 0000 | 48b8 f0fd 
  0x00000280c5d30420: 5095 fa7f | 0000 ffd0 | 4883 c420 | ffe0 4983 | 7f08 000f | 8405 0000 | 00e9 820a | feff 4c8b 
  0x00000280c5d30440: 6dc0 4c8b | 75c8 4e8d | 74f5 00c3 | 488b 4dd0 | 410f b755 | 0148 8b49 | 286b d218 | 488d 4c11 
  0x00000280c5d30460: 088b 5908 | 0fb6 5111 | 0fb6 4110 | 4c8b 094d | 8b49 704d | 8b09 85c0 | 0f85 0b00 | 0000 410f 
  0x00000280c5d30480: be04 1950 | e9b5 0000 | 0083 f801 | 0f85 0b00 | 0000 410f | b604 1950 | e9a1 0000 | 0083 f808 
  0x00000280c5d304a0: 0f85 0e00 | 0000 418b | 0419 48c1 | e003 50e9 | 8a00 0000 | 83f8 040f | 850a 0000 | 0041 8b04 
  0x00000280c5d304c0: 1950 e977 | 0000 0083 | f802 0f85 | 0b00 0000 | 410f b704 | 1950 e963 | 0000 0083 | f803 0f85 
  0x00000280c5d304e0: 0b00 0000 | 410f bf04 | 1950 e94f | 0000 0083 | f805 0f85 | 1a00 0000 | 498b 0419 | 4883 ec10 
  0x00000280c5d30500: 4889 0424 | 48c7 4424 | 0800 0000 | 00e9 2c00 | 0000 83f8 | 060f 8514 | 0000 00c4 | c17a 1004 
  0x00000280c5d30520: 1948 83ec | 08c5 fa11 | 0424 e90f | 0000 00c4 | c17b 1004 | 1948 83ec | 10c5 fb11 | 0424 410f 
  0x00000280c5d30540: b65d 0349 | 83c5 0349 | bad0 8ddc | 95fa 7f00 | 0041 ff24 | da66 6690 
[/MachCode]

---------------  P R O C E S S  ---------------

Threads class SMR info:
_java_thread_list=0x00000280d5509260, length=14, elements={
0x00000280b60b2580, 0x00000280d551a0a0, 0x00000280d551ad00, 0x00000280d5521cb0,
0x00000280d5524360, 0x00000280d55260a0, 0x00000280d5531880, 0x00000280d55371f0,
0x00000280d553a820, 0x00000280d5624410, 0x00000280d5788100, 0x00000280d57e3260,
0x00000280d57e38f0, 0x00000280d574ce70
}

Java Threads: ( => current thread )
=>0x00000280b60b2580 JavaThread "main"                              [_thread_in_native, id=3512, stack(0x000000a391800000,0x000000a391900000) (1024K)]
  0x00000280d551a0a0 JavaThread "Reference Handler"          daemon [_thread_blocked, id=7496, stack(0x000000a392000000,0x000000a392100000) (1024K)]
  0x00000280d551ad00 JavaThread "Finalizer"                  daemon [_thread_blocked, id=27312, stack(0x000000a392100000,0x000000a392200000) (1024K)]
  0x00000280d5521cb0 JavaThread "Signal Dispatcher"          daemon [_thread_blocked, id=21308, stack(0x000000a392200000,0x000000a392300000) (1024K)]
  0x00000280d5524360 JavaThread "Attach Listener"            daemon [_thread_blocked, id=12884, stack(0x000000a392300000,0x000000a392400000) (1024K)]
  0x00000280d55260a0 JavaThread "Service Thread"             daemon [_thread_blocked, id=7504, stack(0x000000a392400000,0x000000a392500000) (1024K)]
  0x00000280d5531880 JavaThread "Monitor Deflation Thread"   daemon [_thread_blocked, id=8136, stack(0x000000a392500000,0x000000a392600000) (1024K)]
  0x00000280d55371f0 JavaThread "C2 CompilerThread0"         daemon [_thread_blocked, id=23208, stack(0x000000a392600000,0x000000a392700000) (1024K)]
  0x00000280d553a820 JavaThread "C1 CompilerThread0"         daemon [_thread_blocked, id=28244, stack(0x000000a392700000,0x000000a392800000) (1024K)]
  0x00000280d5624410 JavaThread "Common-Cleaner"             daemon [_thread_blocked, id=19240, stack(0x000000a392800000,0x000000a392900000) (1024K)]
  0x00000280d5788100 JavaThread "JDWP Transport Listener: dt_socket" daemon [_thread_blocked, id=25416, stack(0x000000a392a00000,0x000000a392b00000) (1024K)]
  0x00000280d57e3260 JavaThread "JDWP Event Helper Thread"   daemon [_thread_blocked, id=23024, stack(0x000000a392b00000,0x000000a392c00000) (1024K)]
  0x00000280d57e38f0 JavaThread "JDWP Command Reader"        daemon [_thread_in_native, id=6752, stack(0x000000a392c00000,0x000000a392d00000) (1024K)]
  0x00000280d574ce70 JavaThread "Notification Thread"        daemon [_thread_blocked, id=27124, stack(0x000000a392900000,0x000000a392a00000) (1024K)]
Total: 14

Other Threads:
  0x00000280d5502540 VMThread "VM Thread"                           [id=14776, stack(0x000000a391f00000,0x000000a392000000) (1024K)]
  0x00000280d54ee280 WatcherThread "VM Periodic Task Thread"        [id=11448, stack(0x000000a391e00000,0x000000a391f00000) (1024K)]
  0x00000280b3d8df50 WorkerThread "GC Thread#0"                     [id=26424, stack(0x000000a391900000,0x000000a391a00000) (1024K)]
  0x00000280b612a420 ConcurrentGCThread "G1 Main Marker"            [id=23068, stack(0x000000a391a00000,0x000000a391b00000) (1024K)]
  0x00000280b612af30 WorkerThread "G1 Conc#0"                       [id=18904, stack(0x000000a391b00000,0x000000a391c00000) (1024K)]
  0x00000280d53bb5f0 ConcurrentGCThread "G1 Refine#0"               [id=7428, stack(0x000000a391c00000,0x000000a391d00000) (1024K)]
  0x00000280d53bbf80 ConcurrentGCThread "G1 Service"                [id=25316, stack(0x000000a391d00000,0x000000a391e00000) (1024K)]
Total: 7

Threads with active compile tasks:
Total: 0

VM state: not at safepoint (normal execution)

VM Mutex/Monitor currently owned by a thread: None

Heap address: 0x0000000704400000, size: 4028 MB, Compressed Oops mode: Zero based, Oop shift amount: 3

CDS archive(s) mapped at: [0x00000280d6000000-0x00000280d6d70000-0x00000280d6d70000), size 14090240, SharedBaseAddress: 0x00000280d6000000, ArchiveRelocationMode: 1.
Compressed class space mapped at: 0x00000280d7000000-0x0000028117000000, reserved size: 1073741824
Narrow klass base: 0x00000280d6000000, Narrow klass shift: 0, Narrow klass range: 0x41000000

GC Precious Log:
 CardTable entry size: 512
 Card Set container configuration: InlinePtr #cards 4 size 8 Array Of Cards #cards 16 size 48 Howl #buckets 8 coarsen threshold 3686 Howl Bitmap #cards 512 size 80 coarsen threshold 460 Card regions per heap region 1 cards per card region 4096
 CPUs: 8 total, 8 available
 Memory: 16110M
 Large Page Support: Disabled
 NUMA Support: Disabled
 Compressed Oops: Enabled (Zero based)
 Heap Region Size: 2M
 Heap Min Capacity: 8M
 Heap Initial Capacity: 252M
 Heap Max Capacity: 4028M
 Pre-touch: Disabled
 Parallel Workers: 8
 Concurrent Workers: 2
 Concurrent Refinement Workers: 8
 Periodic GC: Disabled

Heap:
 garbage-first heap   total reserved 4124672K, committed 258048K, used 6144K [0x0000000704400000, 0x0000000800000000)
  region size 2048K, 4 young (8192K), 0 survivors (0K)
 Metaspace       used 4067K, committed 4288K, reserved 1114112K
  class space    used 349K, committed 448K, reserved 1048576K

Heap Regions: E=young(eden), S=young(survivor), O=old, HS=humongous(starts), HC=humongous(continues), CS=collection set, F=free, TAMS=top-at-mark-start, PB=parsable bottom
|   0|0x0000000704400000, 0x0000000704400000, 0x0000000704600000|  0%| F|  |TAMS 0x0000000704400000| PB 0x0000000704400000| Untracked |  0
|   1|0x0000000704600000, 0x0000000704600000, 0x0000000704800000|  0%| F|  |TAMS 0x0000000704600000| PB 0x0000000704600000| Untracked |  0
|   2|0x0000000704800000, 0x0000000704800000, 0x0000000704a00000|  0%| F|  |TAMS 0x0000000704800000| PB 0x0000000704800000| Untracked |  0
|   3|0x0000000704a00000, 0x0000000704a00000, 0x0000000704c00000|  0%| F|  |TAMS 0x0000000704a00000| PB 0x0000000704a00000| Untracked |  0
|   4|0x0000000704c00000, 0x0000000704c00000, 0x0000000704e00000|  0%| F|  |TAMS 0x0000000704c00000| PB 0x0000000704c00000| Untracked |  0
|   5|0x0000000704e00000, 0x0000000704e00000, 0x0000000705000000|  0%| F|  |TAMS 0x0000000704e00000| PB 0x0000000704e00000| Untracked |  0
|   6|0x0000000705000000, 0x0000000705000000, 0x0000000705200000|  0%| F|  |TAMS 0x0000000705000000| PB 0x0000000705000000| Untracked |  0
|   7|0x0000000705200000, 0x0000000705200000, 0x0000000705400000|  0%| F|  |TAMS 0x0000000705200000| PB 0x0000000705200000| Untracked |  0
|   8|0x0000000705400000, 0x0000000705400000, 0x0000000705600000|  0%| F|  |TAMS 0x0000000705400000| PB 0x0000000705400000| Untracked |  0
|   9|0x0000000705600000, 0x0000000705600000, 0x0000000705800000|  0%| F|  |TAMS 0x0000000705600000| PB 0x0000000705600000| Untracked |  0
|  10|0x0000000705800000, 0x0000000705800000, 0x0000000705a00000|  0%| F|  |TAMS 0x0000000705800000| PB 0x0000000705800000| Untracked |  0
|  11|0x0000000705a00000, 0x0000000705a00000, 0x0000000705c00000|  0%| F|  |TAMS 0x0000000705a00000| PB 0x0000000705a00000| Untracked |  0
|  12|0x0000000705c00000, 0x0000000705c00000, 0x0000000705e00000|  0%| F|  |TAMS 0x0000000705c00000| PB 0x0000000705c00000| Untracked |  0
|  13|0x0000000705e00000, 0x0000000705e00000, 0x0000000706000000|  0%| F|  |TAMS 0x0000000705e00000| PB 0x0000000705e00000| Untracked |  0
|  14|0x0000000706000000, 0x0000000706000000, 0x0000000706200000|  0%| F|  |TAMS 0x0000000706000000| PB 0x0000000706000000| Untracked |  0
|  15|0x0000000706200000, 0x0000000706200000, 0x0000000706400000|  0%| F|  |TAMS 0x0000000706200000| PB 0x0000000706200000| Untracked |  0
|  16|0x0000000706400000, 0x0000000706400000, 0x0000000706600000|  0%| F|  |TAMS 0x0000000706400000| PB 0x0000000706400000| Untracked |  0
|  17|0x0000000706600000, 0x0000000706600000, 0x0000000706800000|  0%| F|  |TAMS 0x0000000706600000| PB 0x0000000706600000| Untracked |  0
|  18|0x0000000706800000, 0x0000000706800000, 0x0000000706a00000|  0%| F|  |TAMS 0x0000000706800000| PB 0x0000000706800000| Untracked |  0
|  19|0x0000000706a00000, 0x0000000706a00000, 0x0000000706c00000|  0%| F|  |TAMS 0x0000000706a00000| PB 0x0000000706a00000| Untracked |  0
|  20|0x0000000706c00000, 0x0000000706c00000, 0x0000000706e00000|  0%| F|  |TAMS 0x0000000706c00000| PB 0x0000000706c00000| Untracked |  0
|  21|0x0000000706e00000, 0x0000000706e00000, 0x0000000707000000|  0%| F|  |TAMS 0x0000000706e00000| PB 0x0000000706e00000| Untracked |  0
|  22|0x0000000707000000, 0x0000000707000000, 0x0000000707200000|  0%| F|  |TAMS 0x0000000707000000| PB 0x0000000707000000| Untracked |  0
|  23|0x0000000707200000, 0x0000000707200000, 0x0000000707400000|  0%| F|  |TAMS 0x0000000707200000| PB 0x0000000707200000| Untracked |  0
|  24|0x0000000707400000, 0x0000000707400000, 0x0000000707600000|  0%| F|  |TAMS 0x0000000707400000| PB 0x0000000707400000| Untracked |  0
|  25|0x0000000707600000, 0x0000000707600000, 0x0000000707800000|  0%| F|  |TAMS 0x0000000707600000| PB 0x0000000707600000| Untracked |  0
|  26|0x0000000707800000, 0x0000000707800000, 0x0000000707a00000|  0%| F|  |TAMS 0x0000000707800000| PB 0x0000000707800000| Untracked |  0
|  27|0x0000000707a00000, 0x0000000707a00000, 0x0000000707c00000|  0%| F|  |TAMS 0x0000000707a00000| PB 0x0000000707a00000| Untracked |  0
|  28|0x0000000707c00000, 0x0000000707c00000, 0x0000000707e00000|  0%| F|  |TAMS 0x0000000707c00000| PB 0x0000000707c00000| Untracked |  0
|  29|0x0000000707e00000, 0x0000000707e00000, 0x0000000708000000|  0%| F|  |TAMS 0x0000000707e00000| PB 0x0000000707e00000| Untracked |  0
|  30|0x0000000708000000, 0x0000000708000000, 0x0000000708200000|  0%| F|  |TAMS 0x0000000708000000| PB 0x0000000708000000| Untracked |  0
|  31|0x0000000708200000, 0x0000000708200000, 0x0000000708400000|  0%| F|  |TAMS 0x0000000708200000| PB 0x0000000708200000| Untracked |  0
|  32|0x0000000708400000, 0x0000000708400000, 0x0000000708600000|  0%| F|  |TAMS 0x0000000708400000| PB 0x0000000708400000| Untracked |  0
|  33|0x0000000708600000, 0x0000000708600000, 0x0000000708800000|  0%| F|  |TAMS 0x0000000708600000| PB 0x0000000708600000| Untracked |  0
|  34|0x0000000708800000, 0x0000000708800000, 0x0000000708a00000|  0%| F|  |TAMS 0x0000000708800000| PB 0x0000000708800000| Untracked |  0
|  35|0x0000000708a00000, 0x0000000708a00000, 0x0000000708c00000|  0%| F|  |TAMS 0x0000000708a00000| PB 0x0000000708a00000| Untracked |  0
|  36|0x0000000708c00000, 0x0000000708c00000, 0x0000000708e00000|  0%| F|  |TAMS 0x0000000708c00000| PB 0x0000000708c00000| Untracked |  0
|  37|0x0000000708e00000, 0x0000000708e00000, 0x0000000709000000|  0%| F|  |TAMS 0x0000000708e00000| PB 0x0000000708e00000| Untracked |  0
|  38|0x0000000709000000, 0x0000000709000000, 0x0000000709200000|  0%| F|  |TAMS 0x0000000709000000| PB 0x0000000709000000| Untracked |  0
|  39|0x0000000709200000, 0x0000000709200000, 0x0000000709400000|  0%| F|  |TAMS 0x0000000709200000| PB 0x0000000709200000| Untracked |  0
|  40|0x0000000709400000, 0x0000000709400000, 0x0000000709600000|  0%| F|  |TAMS 0x0000000709400000| PB 0x0000000709400000| Untracked |  0
|  41|0x0000000709600000, 0x0000000709600000, 0x0000000709800000|  0%| F|  |TAMS 0x0000000709600000| PB 0x0000000709600000| Untracked |  0
|  42|0x0000000709800000, 0x0000000709800000, 0x0000000709a00000|  0%| F|  |TAMS 0x0000000709800000| PB 0x0000000709800000| Untracked |  0
|  43|0x0000000709a00000, 0x0000000709a00000, 0x0000000709c00000|  0%| F|  |TAMS 0x0000000709a00000| PB 0x0000000709a00000| Untracked |  0
|  44|0x0000000709c00000, 0x0000000709c00000, 0x0000000709e00000|  0%| F|  |TAMS 0x0000000709c00000| PB 0x0000000709c00000| Untracked |  0
|  45|0x0000000709e00000, 0x0000000709e00000, 0x000000070a000000|  0%| F|  |TAMS 0x0000000709e00000| PB 0x0000000709e00000| Untracked |  0
|  46|0x000000070a000000, 0x000000070a000000, 0x000000070a200000|  0%| F|  |TAMS 0x000000070a000000| PB 0x000000070a000000| Untracked |  0
|  47|0x000000070a200000, 0x000000070a200000, 0x000000070a400000|  0%| F|  |TAMS 0x000000070a200000| PB 0x000000070a200000| Untracked |  0
|  48|0x000000070a400000, 0x000000070a400000, 0x000000070a600000|  0%| F|  |TAMS 0x000000070a400000| PB 0x000000070a400000| Untracked |  0
|  49|0x000000070a600000, 0x000000070a600000, 0x000000070a800000|  0%| F|  |TAMS 0x000000070a600000| PB 0x000000070a600000| Untracked |  0
|  50|0x000000070a800000, 0x000000070a800000, 0x000000070aa00000|  0%| F|  |TAMS 0x000000070a800000| PB 0x000000070a800000| Untracked |  0
|  51|0x000000070aa00000, 0x000000070aa00000, 0x000000070ac00000|  0%| F|  |TAMS 0x000000070aa00000| PB 0x000000070aa00000| Untracked |  0
|  52|0x000000070ac00000, 0x000000070ac00000, 0x000000070ae00000|  0%| F|  |TAMS 0x000000070ac00000| PB 0x000000070ac00000| Untracked |  0
|  53|0x000000070ae00000, 0x000000070ae00000, 0x000000070b000000|  0%| F|  |TAMS 0x000000070ae00000| PB 0x000000070ae00000| Untracked |  0
|  54|0x000000070b000000, 0x000000070b000000, 0x000000070b200000|  0%| F|  |TAMS 0x000000070b000000| PB 0x000000070b000000| Untracked |  0
|  55|0x000000070b200000, 0x000000070b200000, 0x000000070b400000|  0%| F|  |TAMS 0x000000070b200000| PB 0x000000070b200000| Untracked |  0
|  56|0x000000070b400000, 0x000000070b400000, 0x000000070b600000|  0%| F|  |TAMS 0x000000070b400000| PB 0x000000070b400000| Untracked |  0
|  57|0x000000070b600000, 0x000000070b600000, 0x000000070b800000|  0%| F|  |TAMS 0x000000070b600000| PB 0x000000070b600000| Untracked |  0
|  58|0x000000070b800000, 0x000000070b800000, 0x000000070ba00000|  0%| F|  |TAMS 0x000000070b800000| PB 0x000000070b800000| Untracked |  0
|  59|0x000000070ba00000, 0x000000070ba00000, 0x000000070bc00000|  0%| F|  |TAMS 0x000000070ba00000| PB 0x000000070ba00000| Untracked |  0
|  60|0x000000070bc00000, 0x000000070bc00000, 0x000000070be00000|  0%| F|  |TAMS 0x000000070bc00000| PB 0x000000070bc00000| Untracked |  0
|  61|0x000000070be00000, 0x000000070be00000, 0x000000070c000000|  0%| F|  |TAMS 0x000000070be00000| PB 0x000000070be00000| Untracked |  0
|  62|0x000000070c000000, 0x000000070c000000, 0x000000070c200000|  0%| F|  |TAMS 0x000000070c000000| PB 0x000000070c000000| Untracked |  0
|  63|0x000000070c200000, 0x000000070c200000, 0x000000070c400000|  0%| F|  |TAMS 0x000000070c200000| PB 0x000000070c200000| Untracked |  0
|  64|0x000000070c400000, 0x000000070c400000, 0x000000070c600000|  0%| F|  |TAMS 0x000000070c400000| PB 0x000000070c400000| Untracked |  0
|  65|0x000000070c600000, 0x000000070c600000, 0x000000070c800000|  0%| F|  |TAMS 0x000000070c600000| PB 0x000000070c600000| Untracked |  0
|  66|0x000000070c800000, 0x000000070c800000, 0x000000070ca00000|  0%| F|  |TAMS 0x000000070c800000| PB 0x000000070c800000| Untracked |  0
|  67|0x000000070ca00000, 0x000000070ca00000, 0x000000070cc00000|  0%| F|  |TAMS 0x000000070ca00000| PB 0x000000070ca00000| Untracked |  0
|  68|0x000000070cc00000, 0x000000070cc00000, 0x000000070ce00000|  0%| F|  |TAMS 0x000000070cc00000| PB 0x000000070cc00000| Untracked |  0
|  69|0x000000070ce00000, 0x000000070ce00000, 0x000000070d000000|  0%| F|  |TAMS 0x000000070ce00000| PB 0x000000070ce00000| Untracked |  0
|  70|0x000000070d000000, 0x000000070d000000, 0x000000070d200000|  0%| F|  |TAMS 0x000000070d000000| PB 0x000000070d000000| Untracked |  0
|  71|0x000000070d200000, 0x000000070d200000, 0x000000070d400000|  0%| F|  |TAMS 0x000000070d200000| PB 0x000000070d200000| Untracked |  0
|  72|0x000000070d400000, 0x000000070d400000, 0x000000070d600000|  0%| F|  |TAMS 0x000000070d400000| PB 0x000000070d400000| Untracked |  0
|  73|0x000000070d600000, 0x000000070d600000, 0x000000070d800000|  0%| F|  |TAMS 0x000000070d600000| PB 0x000000070d600000| Untracked |  0
|  74|0x000000070d800000, 0x000000070d800000, 0x000000070da00000|  0%| F|  |TAMS 0x000000070d800000| PB 0x000000070d800000| Untracked |  0
|  75|0x000000070da00000, 0x000000070da00000, 0x000000070dc00000|  0%| F|  |TAMS 0x000000070da00000| PB 0x000000070da00000| Untracked |  0
|  76|0x000000070dc00000, 0x000000070dc00000, 0x000000070de00000|  0%| F|  |TAMS 0x000000070dc00000| PB 0x000000070dc00000| Untracked |  0
|  77|0x000000070de00000, 0x000000070de00000, 0x000000070e000000|  0%| F|  |TAMS 0x000000070de00000| PB 0x000000070de00000| Untracked |  0
|  78|0x000000070e000000, 0x000000070e000000, 0x000000070e200000|  0%| F|  |TAMS 0x000000070e000000| PB 0x000000070e000000| Untracked |  0
|  79|0x000000070e200000, 0x000000070e200000, 0x000000070e400000|  0%| F|  |TAMS 0x000000070e200000| PB 0x000000070e200000| Untracked |  0
|  80|0x000000070e400000, 0x000000070e400000, 0x000000070e600000|  0%| F|  |TAMS 0x000000070e400000| PB 0x000000070e400000| Untracked |  0
|  81|0x000000070e600000, 0x000000070e600000, 0x000000070e800000|  0%| F|  |TAMS 0x000000070e600000| PB 0x000000070e600000| Untracked |  0
|  82|0x000000070e800000, 0x000000070e800000, 0x000000070ea00000|  0%| F|  |TAMS 0x000000070e800000| PB 0x000000070e800000| Untracked |  0
|  83|0x000000070ea00000, 0x000000070ea00000, 0x000000070ec00000|  0%| F|  |TAMS 0x000000070ea00000| PB 0x000000070ea00000| Untracked |  0
|  84|0x000000070ec00000, 0x000000070ec00000, 0x000000070ee00000|  0%| F|  |TAMS 0x000000070ec00000| PB 0x000000070ec00000| Untracked |  0
|  85|0x000000070ee00000, 0x000000070ee00000, 0x000000070f000000|  0%| F|  |TAMS 0x000000070ee00000| PB 0x000000070ee00000| Untracked |  0
|  86|0x000000070f000000, 0x000000070f000000, 0x000000070f200000|  0%| F|  |TAMS 0x000000070f000000| PB 0x000000070f000000| Untracked |  0
|  87|0x000000070f200000, 0x000000070f200000, 0x000000070f400000|  0%| F|  |TAMS 0x000000070f200000| PB 0x000000070f200000| Untracked |  0
|  88|0x000000070f400000, 0x000000070f400000, 0x000000070f600000|  0%| F|  |TAMS 0x000000070f400000| PB 0x000000070f400000| Untracked |  0
|  89|0x000000070f600000, 0x000000070f600000, 0x000000070f800000|  0%| F|  |TAMS 0x000000070f600000| PB 0x000000070f600000| Untracked |  0
|  90|0x000000070f800000, 0x000000070f800000, 0x000000070fa00000|  0%| F|  |TAMS 0x000000070f800000| PB 0x000000070f800000| Untracked |  0
|  91|0x000000070fa00000, 0x000000070fa00000, 0x000000070fc00000|  0%| F|  |TAMS 0x000000070fa00000| PB 0x000000070fa00000| Untracked |  0
|  92|0x000000070fc00000, 0x000000070fc00000, 0x000000070fe00000|  0%| F|  |TAMS 0x000000070fc00000| PB 0x000000070fc00000| Untracked |  0
|  93|0x000000070fe00000, 0x000000070fe00000, 0x0000000710000000|  0%| F|  |TAMS 0x000000070fe00000| PB 0x000000070fe00000| Untracked |  0
|  94|0x0000000710000000, 0x0000000710000000, 0x0000000710200000|  0%| F|  |TAMS 0x0000000710000000| PB 0x0000000710000000| Untracked |  0
|  95|0x0000000710200000, 0x0000000710200000, 0x0000000710400000|  0%| F|  |TAMS 0x0000000710200000| PB 0x0000000710200000| Untracked |  0
|  96|0x0000000710400000, 0x0000000710400000, 0x0000000710600000|  0%| F|  |TAMS 0x0000000710400000| PB 0x0000000710400000| Untracked |  0
|  97|0x0000000710600000, 0x0000000710600000, 0x0000000710800000|  0%| F|  |TAMS 0x0000000710600000| PB 0x0000000710600000| Untracked |  0
|  98|0x0000000710800000, 0x0000000710800000, 0x0000000710a00000|  0%| F|  |TAMS 0x0000000710800000| PB 0x0000000710800000| Untracked |  0
|  99|0x0000000710a00000, 0x0000000710a00000, 0x0000000710c00000|  0%| F|  |TAMS 0x0000000710a00000| PB 0x0000000710a00000| Untracked |  0
| 100|0x0000000710c00000, 0x0000000710c00000, 0x0000000710e00000|  0%| F|  |TAMS 0x0000000710c00000| PB 0x0000000710c00000| Untracked |  0
| 101|0x0000000710e00000, 0x0000000710e00000, 0x0000000711000000|  0%| F|  |TAMS 0x0000000710e00000| PB 0x0000000710e00000| Untracked |  0
| 102|0x0000000711000000, 0x0000000711000000, 0x0000000711200000|  0%| F|  |TAMS 0x0000000711000000| PB 0x0000000711000000| Untracked |  0
| 103|0x0000000711200000, 0x0000000711200000, 0x0000000711400000|  0%| F|  |TAMS 0x0000000711200000| PB 0x0000000711200000| Untracked |  0
| 104|0x0000000711400000, 0x0000000711400000, 0x0000000711600000|  0%| F|  |TAMS 0x0000000711400000| PB 0x0000000711400000| Untracked |  0
| 105|0x0000000711600000, 0x0000000711600000, 0x0000000711800000|  0%| F|  |TAMS 0x0000000711600000| PB 0x0000000711600000| Untracked |  0
| 106|0x0000000711800000, 0x0000000711800000, 0x0000000711a00000|  0%| F|  |TAMS 0x0000000711800000| PB 0x0000000711800000| Untracked |  0
| 107|0x0000000711a00000, 0x0000000711a00000, 0x0000000711c00000|  0%| F|  |TAMS 0x0000000711a00000| PB 0x0000000711a00000| Untracked |  0
| 108|0x0000000711c00000, 0x0000000711c00000, 0x0000000711e00000|  0%| F|  |TAMS 0x0000000711c00000| PB 0x0000000711c00000| Untracked |  0
| 109|0x0000000711e00000, 0x0000000711e00000, 0x0000000712000000|  0%| F|  |TAMS 0x0000000711e00000| PB 0x0000000711e00000| Untracked |  0
| 110|0x0000000712000000, 0x0000000712000000, 0x0000000712200000|  0%| F|  |TAMS 0x0000000712000000| PB 0x0000000712000000| Untracked |  0
| 111|0x0000000712200000, 0x0000000712200000, 0x0000000712400000|  0%| F|  |TAMS 0x0000000712200000| PB 0x0000000712200000| Untracked |  0
| 112|0x0000000712400000, 0x0000000712400000, 0x0000000712600000|  0%| F|  |TAMS 0x0000000712400000| PB 0x0000000712400000| Untracked |  0
| 113|0x0000000712600000, 0x0000000712600000, 0x0000000712800000|  0%| F|  |TAMS 0x0000000712600000| PB 0x0000000712600000| Untracked |  0
| 114|0x0000000712800000, 0x0000000712800000, 0x0000000712a00000|  0%| F|  |TAMS 0x0000000712800000| PB 0x0000000712800000| Untracked |  0
| 115|0x0000000712a00000, 0x0000000712a00000, 0x0000000712c00000|  0%| F|  |TAMS 0x0000000712a00000| PB 0x0000000712a00000| Untracked |  0
| 116|0x0000000712c00000, 0x0000000712c00000, 0x0000000712e00000|  0%| F|  |TAMS 0x0000000712c00000| PB 0x0000000712c00000| Untracked |  0
| 117|0x0000000712e00000, 0x0000000712e00000, 0x0000000713000000|  0%| F|  |TAMS 0x0000000712e00000| PB 0x0000000712e00000| Untracked |  0
| 118|0x0000000713000000, 0x0000000713000000, 0x0000000713200000|  0%| F|  |TAMS 0x0000000713000000| PB 0x0000000713000000| Untracked |  0
| 119|0x0000000713200000, 0x0000000713200000, 0x0000000713400000|  0%| F|  |TAMS 0x0000000713200000| PB 0x0000000713200000| Untracked |  0
| 120|0x0000000713400000, 0x0000000713400000, 0x0000000713600000|  0%| F|  |TAMS 0x0000000713400000| PB 0x0000000713400000| Untracked |  0
| 121|0x0000000713600000, 0x0000000713600000, 0x0000000713800000|  0%| F|  |TAMS 0x0000000713600000| PB 0x0000000713600000| Untracked |  0
| 122|0x0000000713800000, 0x00000007139fa930, 0x0000000713a00000| 98%| E|  |TAMS 0x0000000713800000| PB 0x0000000713800000| Complete |  0
| 123|0x0000000713a00000, 0x0000000713c00000, 0x0000000713c00000|100%| E|CS|TAMS 0x0000000713a00000| PB 0x0000000713a00000| Complete |  0
| 124|0x0000000713c00000, 0x0000000713e00000, 0x0000000713e00000|100%| E|CS|TAMS 0x0000000713c00000| PB 0x0000000713c00000| Complete |  0
| 125|0x0000000713e00000, 0x0000000714000000, 0x0000000714000000|100%| E|CS|TAMS 0x0000000713e00000| PB 0x0000000713e00000| Complete |  0

Card table byte_map: [0x00000280ce400000,0x00000280cebe0000] _byte_map_base: 0x00000280cabde000

Marking Bits: (CMBitMap*) 0x00000280b3d8e660
 Bits: [0x00000280cebe0000, 0x00000280d2ad0000)

Polling page: 0x00000280b3f60000

Metaspace:

Usage:
  Non-class:      3.63 MB used.
      Class:    349.02 KB used.
       Both:      3.97 MB used.

Virtual space:
  Non-class space:       64.00 MB reserved,       3.75 MB (  6%) committed,  1 nodes.
      Class space:        1.00 GB reserved,     448.00 KB ( <1%) committed,  1 nodes.
             Both:        1.06 GB reserved,       4.19 MB ( <1%) committed. 

Chunk freelists:
   Non-Class:  11.47 MB
       Class:  15.55 MB
        Both:  27.02 MB

MaxMetaspaceSize: unlimited
CompressedClassSpaceSize: 1.00 GB
Initial GC threshold: 21.00 MB
Current GC threshold: 21.00 MB
CDS: on
 - commit_granule_bytes: 65536.
 - commit_granule_words: 8192.
 - virtual_space_node_default_size: 8388608.
 - enlarge_chunks_in_place: 1.
 - use_allocation_guard: 0.


Internal statistics:

num_allocs_failed_limit: 0.
num_arena_births: 72.
num_arena_deaths: 0.
num_vsnodes_births: 2.
num_vsnodes_deaths: 0.
num_space_committed: 67.
num_space_uncommitted: 0.
num_chunks_returned_to_freelist: 0.
num_chunks_taken_from_freelist: 107.
num_chunk_merges: 0.
num_chunk_splits: 71.
num_chunks_enlarged: 43.
num_inconsistent_stats: 0.

CodeHeap 'non-profiled nmethods': size=120064Kb used=153Kb max_used=153Kb free=119910Kb
 bounds [0x00000280c62a0000, 0x00000280c6510000, 0x00000280cd7e0000]
CodeHeap 'profiled nmethods': size=120000Kb used=536Kb max_used=536Kb free=119464Kb
 bounds [0x00000280be7e0000, 0x00000280bea50000, 0x00000280c5d10000]
CodeHeap 'non-nmethods': size=5696Kb used=1503Kb max_used=1506Kb free=4192Kb
 bounds [0x00000280c5d10000, 0x00000280c5f80000, 0x00000280c62a0000]
CodeCache: size=245760Kb, used=2192Kb, max_used=2195Kb, free=243566Kb
 total_blobs=968, nmethods=515, adapters=359, full_count=0
Compilation: enabled, stopped_count=0, restarted_count=0

Compilation events (20 events):
Event: 0.720 Thread 0x00000280d553a820  506       3       java.lang.invoke.MethodHandles$Lookup::lookupClassOrNull (17 bytes)
Event: 0.720 Thread 0x00000280d553a820 nmethod 506 0x00000280be863588 code [0x00000280be8636a0, 0x00000280be863828]
Event: 0.720 Thread 0x00000280d553a820  507       3       java.lang.invoke.MemberName::getModifiers (8 bytes)
Event: 0.720 Thread 0x00000280d553a820 nmethod 507 0x00000280be863888 code [0x00000280be8639a0, 0x00000280be863ab0]
Event: 0.720 Thread 0x00000280d553a820  508       1       java.net.URL::getRef (5 bytes)
Event: 0.720 Thread 0x00000280d553a820 nmethod 508 0x00000280c62c5d08 code [0x00000280c62c5e20, 0x00000280c62c5ef0]
Event: 0.724 Thread 0x00000280d553a820  509       3       java.lang.StringConcatHelper::prepend (37 bytes)
Event: 0.724 Thread 0x00000280d553a820 nmethod 509 0x00000280be863b88 code [0x00000280be863ce0, 0x00000280be863fb8]
Event: 0.725 Thread 0x00000280d553a820  510       3       java.lang.CharacterDataLatin1::equalsIgnoreCase (63 bytes)
Event: 0.725 Thread 0x00000280d553a820 nmethod 510 0x00000280be864008 code [0x00000280be864140, 0x00000280be8643f0]
Event: 0.728 Thread 0x00000280d553a820  511       3       jdk.internal.jimage.ImageStringsReader::hashCode (33 bytes)
Event: 0.728 Thread 0x00000280d553a820 nmethod 511 0x00000280be864408 code [0x00000280be864540, 0x00000280be8646c0]
Event: 0.728 Thread 0x00000280d553a820  512   !   3       java.nio.DirectIntBufferU::get (34 bytes)
Event: 0.728 Thread 0x00000280d553a820 nmethod 512 0x00000280be864708 code [0x00000280be8648e0, 0x00000280be865240]
Event: 0.728 Thread 0x00000280d553a820  513       3       java.nio.DirectIntBufferU::ix (10 bytes)
Event: 0.728 Thread 0x00000280d553a820 nmethod 513 0x00000280be865308 code [0x00000280be865420, 0x00000280be865540]
Event: 0.728 Thread 0x00000280d553a820  514   !   3       jdk.internal.misc.ScopedMemoryAccess::getInt (16 bytes)
Event: 0.728 Thread 0x00000280d553a820 nmethod 514 0x00000280be865608 code [0x00000280be865760, 0x00000280be865b70]
Event: 0.728 Thread 0x00000280d553a820  515   !   3       jdk.internal.misc.ScopedMemoryAccess::getIntInternal (34 bytes)
Event: 0.729 Thread 0x00000280d553a820 nmethod 515 0x00000280be865c08 code [0x00000280be865d40, 0x00000280be865fd8]

GC Heap History (0 events):
No events

Dll operation events (9 events):
Event: 0.014 Loaded shared library C:\Users\Rasheed\.jdks\openjdk-23.0.2\bin\java.dll
Event: 0.016 Loaded shared library C:\Users\Rasheed\.jdks\openjdk-23.0.2\bin\zip.dll
Event: 0.043 Loaded shared library C:\Users\Rasheed\.jdks\openjdk-23.0.2\bin\jsvml.dll
Event: 0.455 Loaded shared library C:\Users\Rasheed\.jdks\openjdk-23.0.2\bin\instrument.dll
Event: 0.537 Loaded shared library C:\Users\Rasheed\.jdks\openjdk-23.0.2\bin\net.dll
Event: 0.538 Loaded shared library C:\Users\Rasheed\.jdks\openjdk-23.0.2\bin\nio.dll
Event: 0.560 Loaded shared library C:\Users\Rasheed\.jdks\openjdk-23.0.2\bin\zip.dll
Event: 0.640 Loaded shared library C:\Users\Rasheed\.jdks\openjdk-23.0.2\bin\jimage.dll
Event: 0.675 Loaded shared library C:\Users\Rasheed\AppData\Local\Temp\lwjglRasheed\3.3.1-build-7\lwjgl.dll

Deoptimization events (12 events):
Event: 0.510 Thread 0x00000280b60b2580 Uncommon trap: trap_request=0xffffff45 fr.pc=0x00000280c62b4760 relative=0x0000000000000060
Event: 0.510 Thread 0x00000280b60b2580 Uncommon trap: reason=unstable_if action=reinterpret pc=0x00000280c62b4760 method=java.lang.String.isLatin1()Z @ 10 c2
Event: 0.510 Thread 0x00000280b60b2580 DEOPT PACKING pc=0x00000280c62b4760 sp=0x000000a3918fe520
Event: 0.510 Thread 0x00000280b60b2580 DEOPT UNPACKING pc=0x00000280c5d67982 sp=0x000000a3918fe4c0 mode 2
Event: 0.510 Thread 0x00000280b60b2580 Uncommon trap: trap_request=0xffffff45 fr.pc=0x00000280c62b2b6c relative=0x00000000000000cc
Event: 0.510 Thread 0x00000280b60b2580 Uncommon trap: reason=unstable_if action=reinterpret pc=0x00000280c62b2b6c method=java.lang.String.isLatin1()Z @ 10 c2
Event: 0.510 Thread 0x00000280b60b2580 DEOPT PACKING pc=0x00000280c62b2b6c sp=0x000000a3918fee90
Event: 0.510 Thread 0x00000280b60b2580 DEOPT UNPACKING pc=0x00000280c5d67982 sp=0x000000a3918fede0 mode 2
Event: 0.510 Thread 0x00000280b60b2580 Uncommon trap: trap_request=0xffffff45 fr.pc=0x00000280c62b4f38 relative=0x00000000000004d8
Event: 0.510 Thread 0x00000280b60b2580 Uncommon trap: reason=unstable_if action=reinterpret pc=0x00000280c62b4f38 method=java.lang.StringLatin1.replace([BCC)Ljava/lang/String; @ 19 c2
Event: 0.510 Thread 0x00000280b60b2580 DEOPT PACKING pc=0x00000280c62b4f38 sp=0x000000a3918ff190
Event: 0.510 Thread 0x00000280b60b2580 DEOPT UNPACKING pc=0x00000280c5d67982 sp=0x000000a3918ff110 mode 2

Classes loaded (20 events):
Event: 0.720 Loading class java/nio/BufferUnderflowException
Event: 0.720 Loading class java/nio/BufferUnderflowException done
Event: 0.720 Loading class org/lwjgl/system/MemoryStack
Event: 0.720 Loading class org/lwjgl/system/MemoryStack done
Event: 0.722 Loading class org/lwjgl/system/MemoryStack$DebugMemoryStack
Event: 0.722 Loading class org/lwjgl/system/MemoryStack$DebugMemoryStack done
Event: 0.722 Loading class java/lang/IndexOutOfBoundsException
Event: 0.722 Loading class java/lang/IndexOutOfBoundsException done
Event: 0.723 Loading class org/lwjgl/system/MemoryStack
Event: 0.723 Loading class org/lwjgl/system/MemoryStack done
Event: 0.723 Loading class org/lwjgl/system/MemoryStack
Event: 0.723 Loading class org/lwjgl/system/MemoryStack done
Event: 0.724 Loading class org/lwjgl/BufferUtils
Event: 0.724 Loading class org/lwjgl/BufferUtils done
Event: 0.725 Loading class org/lwjgl/system/windows/WinBase
Event: 0.725 Loading class org/lwjgl/system/windows/WinBase done
Event: 0.725 Loading class org/lwjgl/system/ThreadLocalUtil
Event: 0.725 Loading class org/lwjgl/system/ThreadLocalUtil done
Event: 0.728 Loading class org/lwjgl/glfw/GLFW$Functions
Event: 0.728 Loading class org/lwjgl/glfw/GLFW$Functions done

Classes unloaded (0 events):
No events

Classes redefined (1 events):
Event: 0.489 Thread 0x00000280d5502540 redefined class name=java.lang.Throwable, count=1

Internal exceptions (18 events):
Event: 0.462 Thread 0x00000280b60b2580 Exception <a 'java/lang/NoSuchMethodError'{0x0000000713c53de8}: 'java.lang.Object java.lang.invoke.Invokers$Holder.invokeExact_MT(java.lang.Object, java.lang.Object, java.lang.Object, java.lang.Object, java.lang.Object)'> (0x0000000713c53de8) 
thrown [s\open\src\hotspot\share\interpreter\linkResolver.cpp, line 796]
Event: 0.610 Thread 0x00000280b60b2580 Exception <a 'java/lang/NoSuchMethodError'{0x0000000713b62c88}: 'void java.lang.invoke.DirectMethodHandle$Holder.invokeStatic(java.lang.Object, java.lang.Object)'> (0x0000000713b62c88) 
thrown [s\open\src\hotspot\share\interpreter\linkResolver.cpp, line 796]
Event: 0.613 Thread 0x00000280b60b2580 Exception <a 'java/lang/NoSuchMethodError'{0x0000000713b72df0}: 'void java.lang.System.load(java.lang.String, java.lang.Class)'> (0x0000000713b72df0) 
thrown [s\open\src\hotspot\share\interpreter\linkResolver.cpp, line 796]
Event: 0.613 Thread 0x00000280b60b2580 Exception <a 'java/lang/NoSuchMethodError'{0x0000000713b73840}: 'void java.lang.invoke.DirectMethodHandle$Holder.invokeSpecial(java.lang.Object, java.lang.Object, java.lang.Object)'> (0x0000000713b73840) 
thrown [s\open\src\hotspot\share\interpreter\linkResolver.cpp, line 796]
Event: 0.617 Thread 0x00000280b60b2580 Exception <a 'java/lang/NoSuchMethodError'{0x0000000713b88f78}: 'java.lang.Object java.lang.invoke.DirectMethodHandle$Holder.invokeStatic(java.lang.Object, java.lang.Object, int)'> (0x0000000713b88f78) 
thrown [s\open\src\hotspot\share\interpreter\linkResolver.cpp, line 796]
Event: 0.619 Thread 0x00000280b60b2580 Exception <a 'java/lang/NoSuchMethodError'{0x0000000713b94840}: 'void java.lang.invoke.DelegatingMethodHandle$Holder.delegate(java.lang.Object, java.lang.Object, int, java.lang.Object)'> (0x0000000713b94840) 
thrown [s\open\src\hotspot\share\interpreter\linkResolver.cpp, line 796]
Event: 0.619 Thread 0x00000280b60b2580 Exception <a 'java/lang/NoSuchMethodError'{0x0000000713b985b8}: 'int java.lang.invoke.DirectMethodHandle$Holder.invokeSpecial(java.lang.Object, java.lang.Object, java.lang.Object)'> (0x0000000713b985b8) 
thrown [s\open\src\hotspot\share\interpreter\linkResolver.cpp, line 796]
Event: 0.626 Thread 0x00000280b60b2580 Exception <a 'java/lang/NoSuchMethodError'{0x0000000713bb48d8}: 'void java.lang.System.loadLibrary(java.lang.String, java.lang.Class)'> (0x0000000713bb48d8) 
thrown [s\open\src\hotspot\share\interpreter\linkResolver.cpp, line 796]
Event: 0.672 Thread 0x00000280b60b2580 Exception <a 'sun/nio/fs/WindowsException'{0x000000071387bd98}> (0x000000071387bd98) 
thrown [s\open\src\hotspot\share\prims\jni.cpp, line 520]
Event: 0.672 Thread 0x00000280b60b2580 Exception <a 'sun/nio/fs/WindowsException'{0x000000071387d3f0}> (0x000000071387d3f0) 
thrown [s\open\src\hotspot\share\prims\jni.cpp, line 520]
Event: 0.690 Thread 0x00000280b60b2580 Exception <a 'sun/nio/fs/WindowsException'{0x00000007138ad620}> (0x00000007138ad620) 
thrown [s\open\src\hotspot\share\prims\jni.cpp, line 520]
Event: 0.690 Thread 0x00000280b60b2580 Exception <a 'sun/nio/fs/WindowsException'{0x00000007138ad9c0}> (0x00000007138ad9c0) 
thrown [s\open\src\hotspot\share\prims\jni.cpp, line 520]
Event: 0.710 Thread 0x00000280b60b2580 Exception <a 'java/lang/NoSuchMethodError'{0x000000071391f840}: 'int java.lang.invoke.DirectMethodHandle$Holder.invokeStaticInit(java.lang.Object, java.lang.Object, int, long)'> (0x000000071391f840) 
thrown [s\open\src\hotspot\share\interpreter\linkResolver.cpp, line 796]
Event: 0.711 Thread 0x00000280b60b2580 Exception <a 'java/lang/NoSuchMethodError'{0x0000000713924998}: 'java.lang.Object java.lang.invoke.DirectMethodHandle$Holder.newInvokeSpecial(java.lang.Object, java.lang.Object, int)'> (0x0000000713924998) 
thrown [s\open\src\hotspot\share\interpreter\linkResolver.cpp, line 796]
Event: 0.715 Thread 0x00000280b60b2580 Exception <a 'java/lang/NoSuchMethodError'{0x0000000713936100}: 'int java.lang.invoke.DirectMethodHandle$Holder.invokeStaticInit(java.lang.Object, java.lang.Object, long, long)'> (0x0000000713936100) 
thrown [s\open\src\hotspot\share\interpreter\linkResolver.cpp, line 796]
Event: 0.716 Thread 0x00000280b60b2580 Exception <a 'java/lang/NoSuchMethodError'{0x000000071393bbf0}: 'java.lang.Object java.lang.invoke.DirectMethodHandle$Holder.newInvokeSpecial(java.lang.Object, java.lang.Object, long)'> (0x000000071393bbf0) 
thrown [s\open\src\hotspot\share\interpreter\linkResolver.cpp, line 796]
Event: 0.717 Thread 0x00000280b60b2580 Exception <a 'java/lang/NoSuchMethodError'{0x000000071393fad0}: 'java.lang.Object java.lang.invoke.Invokers$Holder.linkToTargetMethod(java.lang.Object, long, java.lang.Object)'> (0x000000071393fad0) 
thrown [s\open\src\hotspot\share\interpreter\linkResolver.cpp, line 796]
Event: 0.718 Thread 0x00000280b60b2580 Exception <a 'java/lang/NoSuchMethodError'{0x0000000713946d48}: 'int java.lang.invoke.DirectMethodHandle$Holder.invokeStaticInit(java.lang.Object, java.lang.Object, java.lang.Object, long)'> (0x0000000713946d48) 
thrown [s\open\src\hotspot\share\interpreter\linkResolver.cpp, line 796]

VM Operations (10 events):
Event: 0.073 Executing VM operation: HandshakeAllThreads (Deoptimize)
Event: 0.073 Executing VM operation: HandshakeAllThreads (Deoptimize) done
Event: 0.448 Executing VM operation: ChangeBreakpoints
Event: 0.448 Executing VM operation: ChangeBreakpoints done
Event: 0.450 Executing VM operation: ChangeBreakpoints
Event: 0.451 Executing VM operation: ChangeBreakpoints done
Event: 0.488 Executing VM operation: RedefineClasses
Event: 0.490 Executing VM operation: RedefineClasses done
Event: 0.499 Executing VM operation: get/set locals
Event: 0.499 Executing VM operation: get/set locals done

Memory protections (0 events):
No events

Nmethod flushes (0 events):
No events

Events (16 events):
Event: 0.028 Thread 0x00000280b60b2580 Thread added: 0x00000280b60b2580
Event: 0.040 Thread 0x00000280b60b2580 Thread added: 0x00000280d551a0a0
Event: 0.040 Thread 0x00000280b60b2580 Thread added: 0x00000280d551ad00
Event: 0.040 Thread 0x00000280b60b2580 Thread added: 0x00000280d5521cb0
Event: 0.040 Thread 0x00000280b60b2580 Thread added: 0x00000280d5524360
Event: 0.040 Thread 0x00000280b60b2580 Thread added: 0x00000280d55260a0
Event: 0.040 Thread 0x00000280b60b2580 Thread added: 0x00000280d5531880
Event: 0.040 Thread 0x00000280b60b2580 Thread added: 0x00000280d55371f0
Event: 0.040 Thread 0x00000280b60b2580 Thread added: 0x00000280d553a820
Event: 0.067 Thread 0x00000280b60b2580 Thread added: 0x00000280d5624410
Event: 0.081 Thread 0x00000280d553a820 Thread added: 0x00000280d56f0820
Event: 0.090 Thread 0x00000280b60b2580 Thread added: 0x00000280d5788100
Event: 0.090 Thread 0x00000280b60b2580 Thread added: 0x00000280d57e3260
Event: 0.090 Thread 0x00000280d5788100 Thread added: 0x00000280d57e38f0
Event: 0.453 Thread 0x00000280d56f0820 Thread exited: 0x00000280d56f0820
Event: 0.507 Thread 0x00000280b60b2580 Thread added: 0x00000280d574ce70


Dynamic libraries:
0x00007ff6deee0000 - 0x00007ff6deeee000 	C:\Users\Rasheed\.jdks\openjdk-23.0.2\bin\java.exe
0x00007ffb03f20000 - 0x00007ffb04180000 	C:\WINDOWS\SYSTEM32\ntdll.dll
0x00007ffb03800000 - 0x00007ffb038c7000 	C:\WINDOWS\System32\KERNEL32.DLL
0x00007ffb01540000 - 0x00007ffb0190a000 	C:\WINDOWS\System32\KERNELBASE.dll
0x00007ffb019c0000 - 0x00007ffb01b0b000 	C:\WINDOWS\System32\ucrtbase.dll
0x00007ffaf3760000 - 0x00007ffaf377b000 	C:\Users\Rasheed\.jdks\openjdk-23.0.2\bin\VCRUNTIME140.dll
0x00007ffafdb40000 - 0x00007ffafdb57000 	C:\Users\Rasheed\.jdks\openjdk-23.0.2\bin\jli.dll
0x00007ffb021f0000 - 0x00007ffb023bc000 	C:\WINDOWS\System32\USER32.dll
0x00007ffb01510000 - 0x00007ffb01537000 	C:\WINDOWS\System32\win32u.dll
0x00007ffae0250000 - 0x00007ffae04e7000 	C:\WINDOWS\WinSxS\amd64_microsoft.windows.common-controls_6595b64144ccf1df_6.0.26100.3624_none_3e086962e3345f24\COMCTL32.dll
0x00007ffb03df0000 - 0x00007ffb03e1a000 	C:\WINDOWS\System32\GDI32.dll
0x00007ffb01d20000 - 0x00007ffb01dc9000 	C:\WINDOWS\System32\msvcrt.dll
0x00007ffb01100000 - 0x00007ffb01231000 	C:\WINDOWS\System32\gdi32full.dll
0x00007ffb01910000 - 0x00007ffb019b3000 	C:\WINDOWS\System32\msvcp_win.dll
0x00007ffb037b0000 - 0x00007ffb037df000 	C:\WINDOWS\System32\IMM32.DLL
0x00007ffaee560000 - 0x00007ffaee56c000 	C:\Users\Rasheed\.jdks\openjdk-23.0.2\bin\vcruntime140_1.dll
0x00007ffae6a40000 - 0x00007ffae6ace000 	C:\Users\Rasheed\.jdks\openjdk-23.0.2\bin\msvcp140.dll
0x00007ffa95140000 - 0x00007ffa95e90000 	C:\Users\Rasheed\.jdks\openjdk-23.0.2\bin\server\jvm.dll
0x00007ffb03e20000 - 0x00007ffb03ed2000 	C:\WINDOWS\System32\ADVAPI32.dll
0x00007ffb02a00000 - 0x00007ffb02aa6000 	C:\WINDOWS\System32\sechost.dll
0x00007ffb02d50000 - 0x00007ffb02e66000 	C:\WINDOWS\System32\RPCRT4.dll
0x00007ffb01f10000 - 0x00007ffb01f84000 	C:\WINDOWS\System32\WS2_32.dll
0x00007ffb00f50000 - 0x00007ffb00fae000 	C:\WINDOWS\SYSTEM32\POWRPROF.dll
0x00007ffaf8490000 - 0x00007ffaf84c6000 	C:\WINDOWS\SYSTEM32\WINMM.dll
0x00007ffaee9f0000 - 0x00007ffaee9fb000 	C:\WINDOWS\SYSTEM32\VERSION.dll
0x00007ffb00f30000 - 0x00007ffb00f44000 	C:\WINDOWS\SYSTEM32\UMPDC.dll
0x00007ffafff10000 - 0x00007ffafff2a000 	C:\WINDOWS\SYSTEM32\kernel.appcore.dll
0x00007ffaee550000 - 0x00007ffaee55a000 	C:\Users\Rasheed\.jdks\openjdk-23.0.2\bin\jimage.dll
0x00007ffafe820000 - 0x00007ffafea61000 	C:\WINDOWS\SYSTEM32\DBGHELP.DLL
0x00007ffb02670000 - 0x00007ffb029f2000 	C:\WINDOWS\System32\combase.dll
0x00007ffb01e30000 - 0x00007ffb01f06000 	C:\WINDOWS\System32\OLEAUT32.dll
0x00007ffad7a40000 - 0x00007ffad7a79000 	C:\WINDOWS\SYSTEM32\dbgcore.DLL
0x00007ffb01470000 - 0x00007ffb01509000 	C:\WINDOWS\System32\bcryptPrimitives.dll
0x00007ffae6a00000 - 0x00007ffae6a3c000 	C:\Users\Rasheed\.jdks\openjdk-23.0.2\bin\jdwp.dll
0x00007ffaea300000 - 0x00007ffaea30f000 	C:\Users\Rasheed\.jdks\openjdk-23.0.2\bin\instrument.dll
0x00007ffaec9d0000 - 0x00007ffaec9ee000 	C:\Users\Rasheed\.jdks\openjdk-23.0.2\bin\java.dll
0x00007ffb02bb0000 - 0x00007ffb02d46000 	C:\WINDOWS\System32\ole32.dll
0x00007ffb02e70000 - 0x00007ffb03599000 	C:\WINDOWS\System32\SHELL32.dll
0x00007ffb01300000 - 0x00007ffb01468000 	C:\WINDOWS\System32\wintypes.dll
0x00007ffaebd40000 - 0x00007ffaebd57000 	C:\Users\Rasheed\.jdks\openjdk-23.0.2\bin\zip.dll
0x00007ffafed80000 - 0x00007ffaff5d2000 	C:\WINDOWS\SYSTEM32\windows.storage.dll
0x00007ffb035a0000 - 0x00007ffb0368d000 	C:\WINDOWS\System32\SHCORE.dll
0x00007ffb02b40000 - 0x00007ffb02ba4000 	C:\WINDOWS\System32\shlwapi.dll
0x00007ffb01010000 - 0x00007ffb0103f000 	C:\WINDOWS\SYSTEM32\profapi.dll
0x00007ffae3300000 - 0x00007ffae33d7000 	C:\Users\Rasheed\.jdks\openjdk-23.0.2\bin\jsvml.dll
0x00007ffaea2f0000 - 0x00007ffaea2fc000 	C:\Users\Rasheed\.jdks\openjdk-23.0.2\bin\dt_socket.dll
0x00007ffaff9d0000 - 0x00007ffaffa03000 	C:\WINDOWS\SYSTEM32\IPHLPAPI.DLL
0x00007ffb00430000 - 0x00007ffb0049a000 	C:\WINDOWS\system32\mswsock.dll
0x00007ffaed840000 - 0x00007ffaed850000 	C:\Users\Rasheed\.jdks\openjdk-23.0.2\bin\net.dll
0x00007ffaec8c0000 - 0x00007ffaec8d6000 	C:\Users\Rasheed\.jdks\openjdk-23.0.2\bin\nio.dll
0x00007ffacbcf0000 - 0x00007ffacbd65000 	C:\Users\Rasheed\AppData\Local\Temp\lwjglRasheed\3.3.1-build-7\lwjgl.dll
0x00007ffac7770000 - 0x00007ffac77d1000 	C:\Users\Rasheed\AppData\Local\Temp\lwjglRasheed\3.3.1-build-7\glfw.dll

dbghelp: loaded successfully - version: 4.0.5 - missing functions: none
symbol engine: initialized successfully - sym options: 0x614 - pdb path: .;C:\Users\Rasheed\.jdks\openjdk-23.0.2\bin;C:\WINDOWS\SYSTEM32;C:\WINDOWS\WinSxS\amd64_microsoft.windows.common-controls_6595b64144ccf1df_6.0.26100.3624_none_3e086962e3345f24;C:\Users\Rasheed\.jdks\openjdk-23.0.2\bin\server;C:\Users\Rasheed\AppData\Local\Temp\lwjglRasheed\3.3.1-build-7

VM Arguments:
jvm_args: -agentlib:jdwp=transport=dt_socket,address=127.0.0.1:56484,suspend=y,server=n -javaagent:C:\Users\Rasheed\AppData\Local\JetBrains\IdeaIC2024.3\captureAgent\debugger-agent.jar -Dkotlinx.coroutines.debug.enable.creation.stack.trace=false -Ddebugger.agent.enable.coroutines=true -Dkotlinx.coroutines.debug.enable.flows.stack.trace=true -Dkotlinx.coroutines.debug.enable.mutable.state.flows.stack.trace=true -Dfile.encoding=UTF-8 -Dsun.stdout.encoding=UTF-8 -Dsun.stderr.encoding=UTF-8 
java_command: ShadowDonkeyKong
java_class_path (initial): C:\Users\Rasheed\projects\SWEN20003\ramohammed-project-1\DonkeyKong_Skeleton\target\classes;C:\Users\Rasheed\.m2\repository\org\lwjgl\lwjgl\3.3.1\lwjgl-3.3.1.jar;C:\Users\Rasheed\.m2\repository\org\lwjgl\lwjgl-assimp\3.3.1\lwjgl-assimp-3.3.1.jar;C:\Users\Rasheed\.m2\repository\org\lwjgl\lwjgl-glfw\3.3.1\lwjgl-glfw-3.3.1.jar;C:\Users\Rasheed\.m2\repository\org\lwjgl\lwjgl-openal\3.3.1\lwjgl-openal-3.3.1.jar;C:\Users\Rasheed\.m2\repository\org\lwjgl\lwjgl-opengl\3.3.1\lwjgl-opengl-3.3.1.jar;C:\Users\Rasheed\.m2\repository\org\lwjgl\lwjgl-stb\3.3.1\lwjgl-stb-3.3.1.jar;C:\Users\Rasheed\.m2\repository\org\lwjgl\lwjgl\3.3.1\lwjgl-3.3.1-natives-windows.jar;C:\Users\Rasheed\.m2\repository\org\lwjgl\lwjgl-assimp\3.3.1\lwjgl-assimp-3.3.1-natives-windows.jar;C:\Users\Rasheed\.m2\repository\org\lwjgl\lwjgl-glfw\3.3.1\lwjgl-glfw-3.3.1-natives-windows.jar;C:\Users\Rasheed\.m2\repository\org\lwjgl\lwjgl-openal\3.3.1\lwjgl-openal-3.3.1-natives-windows.jar;C:\Users\Rasheed\.m2\repository\org\lwjgl\lwjgl-opengl\3.3.1\lwjgl-opengl-3.3.1-natives-windows.jar;C:\Users\Rasheed\.m2\repository\org\lwjgl\lwjgl-stb\3.3.1\lwjgl-stb-3.3.1-natives-windows.jar;C:\Users\Rasheed\.m2\repository\io\github\eleanor-em\bagel\1.9.3\bagel-1.9.3.jar;C:\Program Files\JetBrains\IntelliJ IDEA Community Edition 2024.3.4.1\lib\idea_rt.jar
Launcher Type: SUN_STANDARD

[Global flags]
     intx CICompilerCount                          = 4                                         {product} {ergonomic}
     uint ConcGCThreads                            = 2                                         {product} {ergonomic}
     uint G1ConcRefinementThreads                  = 8                                         {product} {ergonomic}
   size_t G1HeapRegionSize                         = 2097152                                   {product} {ergonomic}
   size_t InitialHeapSize                          = 264241152                                 {product} {ergonomic}
   size_t MarkStackSize                            = 4194304                                   {product} {ergonomic}
   size_t MarkStackSizeMax                         = 536870912                                 {product} {ergonomic}
   size_t MaxHeapSize                              = 4223664128                                {product} {ergonomic}
   size_t MaxNewSize                               = 2533359616                                {product} {ergonomic}
   size_t MinHeapDeltaBytes                        = 2097152                                   {product} {ergonomic}
   size_t MinHeapSize                              = 8388608                                   {product} {ergonomic}
    uintx NonNMethodCodeHeapSize                   = 5832704                                {pd product} {ergonomic}
    uintx NonProfiledCodeHeapSize                  = 122945536                              {pd product} {ergonomic}
    uintx ProfiledCodeHeapSize                     = 122880000                              {pd product} {ergonomic}
    uintx ReservedCodeCacheSize                    = 251658240                              {pd product} {ergonomic}
     bool SegmentedCodeCache                       = true                                      {product} {ergonomic}
   size_t SoftMaxHeapSize                          = 4223664128                             {manageable} {ergonomic}
     bool UseCompressedOops                        = true                           {product lp64_product} {ergonomic}
     bool UseG1GC                                  = true                                      {product} {ergonomic}
     bool UseLargePagesIndividualAllocation        = false                                  {pd product} {ergonomic}

Logging:
Log output configuration:
 #0: stdout all=warning uptime,level,tags foldmultilines=false
 #1: stderr all=off uptime,level,tags foldmultilines=false

Environment Variables:
PATH=C:\Python313\Scripts\;C:\Python313\;C:\WINDOWS\system32;C:\WINDOWS;C:\WINDOWS\System32\Wbem;C:\WINDOWS\System32\WindowsPowerShell\v1.0\;C:\WINDOWS\System32\OpenSSH\;C:\Program Files\dotnet\;C:\Program Files\MATLAB\R2024b\bin;C:\Program Files\Git\cmd;C:\Program Files\nodejs\;C:\ProgramData\chocolatey\bin;C:\Users\Rasheed\.console-ninja\.bin;C:\Users\Rasheed\AppData\Local\Microsoft\WindowsApps;C:\Users\Rasheed\AppData\Local\Programs\Microsoft VS Code\bin;C:\Users\Rasheed\AppData\Local\Microsoft\WindowsApps\PythonSoftwareFoundation.Python.3.9_qbz5n2kfra8p0\python.exe;C:\msys64\ucrt64\bin;C:\Users\Rasheed\AppData\Roaming\npm
USERNAME=Rasheed
OS=Windows_NT
PROCESSOR_IDENTIFIER=Intel64 Family 6 Model 140 Stepping 1, GenuineIntel
TMP=C:\Users\Rasheed\AppData\Local\Temp
TEMP=C:\Users\Rasheed\AppData\Local\Temp




Periodic native trim disabled

---------------  S Y S T E M  ---------------

OS:
 Windows 11 , 64 bit Build 26100 (10.0.26100.3775)
OS uptime: 5 days 10:25 hours
Hyper-V role detected

CPU: total 8 (initial active 8) (4 cores per cpu, 2 threads per core) family 6 model 140 stepping 1 microcode 0xba, cx8, cmov, fxsr, ht, mmx, 3dnowpref, sse, sse2, sse3, ssse3, sse4.1, sse4.2, popcnt, lzcnt, tsc, tscinvbit, avx, avx2, aes, erms, clmul, bmi1, bmi2, adx, avx512f, avx512dq, avx512cd, avx512bw, avx512vl, sha, fma, vzeroupper, avx512_vpopcntdq, avx512_vpclmulqdq, avx512_vaes, avx512_vnni, clflush, clflushopt, clwb, avx512_vbmi2, avx512_vbmi, hv, rdtscp, rdpid, fsrm, gfni, avx512_bitalg, f16c, cet_ibt, cet_ss, avx512_ifma
Processor Information for the first 8 processors :
  Max Mhz: 2803, Current Mhz: 2803, Mhz Limit: 2803

Memory: 4k page, system-wide physical 16110M (4895M free)
TotalPageFile size 18786M (AvailPageFile size 3365M)
current process WorkingSet (physical memory assigned to process): 57M, peak: 57M
current process commit charge ("private bytes"): 346M, peak: 346M

vm_info: OpenJDK 64-Bit Server VM (23.0.2+7-58) for windows-amd64 JRE (23.0.2+7-58), built on 2024-11-29T09:34:55Z with MS VC++ 17.6 (VS2022)

END.
